Archive member included because of file (symbol)

contiki-sky.a(contiki-sky-pla)
                              obj_sky/contiki-sky-main.o (init_platform)
contiki-sky.a(button-sensor.o)
                              contiki-sky.a(contiki-sky-pla) (button_sensor)
contiki-sky.a(ds2411.o)       obj_sky/contiki-sky-main.o (ds2411_init)
contiki-sky.a(xmem.o)         obj_sky/contiki-sky-main.o (xmem_init)
contiki-sky.a(node-id.o)      obj_sky/contiki-sky-main.o (node_id_restore)
contiki-sky.a(sensors.o)      contiki-sky.a(button-sensor.o) (sensors_changed)
contiki-sky.a(cc2420.o)       obj_sky/contiki-sky-main.o (cc2420_set_pan_addr)
contiki-sky.a(cc2420-arch.o)  contiki-sky.a(cc2420.o) (cc2420_arch_init)
contiki-sky.a(uart1.o)        obj_sky/contiki-sky-main.o (uart1_active)
contiki-sky.a(uart1-putchar.o)
                              obj_sky/contiki-sky-main.o (putchar)
contiki-sky.a(msp430.o)       contiki-sky.a(uart1.o) (msp430_add_lpm_req)
contiki-sky.a(clock.o)        obj_sky/contiki-sky-main.o (clock_init)
contiki-sky.a(leds.o)         obj_sky/contiki-sky-main.o (leds_init)
contiki-sky.a(leds-arch.o)    contiki-sky.a(leds.o) (leds_arch_init)
contiki-sky.a(watchdog.o)     obj_sky/contiki-sky-main.o (watchdog_start)
contiki-sky.a(rtimer-arch.o)  obj_sky/contiki-sky-main.o (rtimer_arch_now)
contiki-sky.a(autostart.o)    obj_sky/contiki-sky-main.o (autostart_start)
contiki-sky.a(ctimer.o)       obj_sky/contiki-sky-main.o (ctimer_init)
contiki-sky.a(energest.o)     obj_sky/contiki-sky-main.o (energest_init)
contiki-sky.a(etimer.o)       contiki-sky.a(clock.o) (etimer_request_poll)
contiki-sky.a(process.o)      contiki-sky.a(ctimer.o) (process_current)
contiki-sky.a(rtimer.o)       obj_sky/contiki-sky-main.o (rtimer_init)
contiki-sky.a(timer.o)        obj_sky/contiki-sky-main.o (timer_set)
contiki-sky.a(serial-line.o)  obj_sky/contiki-sky-main.o (serial_line_input_byte)
contiki-sky.a(list.o)         contiki-sky.a(ctimer.o) (list_init)
contiki-sky.a(random.o)       obj_sky/contiki-sky-main.o (random_init)
contiki-sky.a(ringbuf.o)      contiki-sky.a(serial-line.o) (ringbuf_init)
contiki-sky.a(abc.o)          example-abc.co (abc_open)
contiki-sky.a(channel.o)      contiki-sky.a(abc.o) (channel_open)
contiki-sky.a(rime.o)         contiki-sky.a(abc.o) (rime_output)
contiki-sky.a(csma.o)         obj_sky/contiki-sky-main.o (csma_driver)
contiki-sky.a(mac.o)          contiki-sky.a(csma.o) (mac_call_sent_callback)
contiki-sky.a(linkaddr.o)     obj_sky/contiki-sky-main.o (linkaddr_copy)
contiki-sky.a(packetbuf.o)    contiki-sky.a(rime.o) (packetbuf_compact)
contiki-sky.a(queuebuf.o)     contiki-sky.a(rime.o) (queuebuf_init)
contiki-sky.a(contikimac.o)   obj_sky/contiki-sky-main.o (contikimac_driver)
contiki-sky.a(contikimac-fram)
                              contiki-sky.a(contikimac.o) (contikimac_framer)
contiki-sky.a(nullsec.o)      obj_sky/contiki-sky-main.o (nullsec_driver)
contiki-sky.a(spi.o)          contiki-sky.a(xmem.o) (spi_init)
contiki-sky.a(compower.o)     contiki-sky.a(contikimac.o) (compower_idle_activity)
contiki-sky.a(memb.o)         contiki-sky.a(csma.o) (memb_init)
contiki-sky.a(announcement.o)
                              contiki-sky.a(rime.o) (announcement_init)
contiki-sky.a(broadcast-annou)
                              contiki-sky.a(rime.o) (broadcast_announcement_init)
contiki-sky.a(broadcast.o)    contiki-sky.a(broadcast-annou) (broadcast_open)
contiki-sky.a(chameleon.o)    contiki-sky.a(rime.o) (chameleon_init)
contiki-sky.a(framer-802154.o)
                              contiki-sky.a(contikimac-fram) (framer_802154)
contiki-sky.a(framer.o)       contiki-sky.a(framer-802154.o) (framer_canonical_create_and_secure)
contiki-sky.a(mac-sequence.o)
                              contiki-sky.a(contikimac.o) (mac_sequence_is_duplicate)
contiki-sky.a(chameleon-bitop)
                              contiki-sky.a(chameleon.o) (chameleon_bitopt)
contiki-sky.a(frame802154.o)  contiki-sky.a(framer-802154.o) (frame802154_hdrlen)
/usr/local/msp430/bin/../lib/gcc/msp430/4.7.0/mmpy-16/libgcc.a(_mulsi3.o)
                              contiki-sky.a(csma.o) (__mulsi3)
/usr/local/msp430/bin/../lib/gcc/msp430/4.7.0/mmpy-16/libgcc.a(_udivmod32.o)
                              obj_sky/contiki-sky-main.o (__udivsi3)
/usr/local/msp430/bin/../lib/gcc/msp430/4.7.0/../../../../msp430/lib/mmpy-16/libc.a(printf.o)
                              example-abc.co (printf)
/usr/local/msp430/bin/../lib/gcc/msp430/4.7.0/../../../../msp430/lib/mmpy-16/libc.a(vuprintf.o)
                              /usr/local/msp430/bin/../lib/gcc/msp430/4.7.0/../../../../msp430/lib/mmpy-16/libc.a(printf.o) (vuprintf)
/usr/local/msp430/bin/../lib/gcc/msp430/4.7.0/../../../../msp430/lib/mmpy-16/libc.a(puts.o)
                              example-abc.co (puts)
/usr/local/msp430/bin/../lib/gcc/msp430/4.7.0/../../../../msp430/lib/mmpy-16/libc.a(rand.o)
                              contiki-sky.a(random.o) (rand)
[...]
Memory Configuration

Name             Origin             Length             Attributes
sfr              0x00000000         0x00000010
peripheral_8bit  0x00000010         0x000000f0
peripheral_16bit 0x00000100         0x00000100
ram_mirror       0x00000200         0x00000800         xw
infomem          0x00001000         0x00000100
infob            0x00001000         0x00000080
infoa            0x00001080         0x00000080
ram              0x00001100         0x00002800         xw
rom              0x00004000         0x0000bfe0         xr
vectors          0x0000ffe0         0x00000020
bsl              0x00000000         0x00000000
infoc            0x00000000         0x00000000
infod            0x00000000         0x00000000
ram2             0x00000000         0x00000000         xw
usbram           0x00000000         0x00000000         xw
far_rom          0x00000000         0x00000000
*default*        0x00000000         0xffffffff

Linker script and memory map

LOAD /usr/local/msp430/bin/../lib/gcc/msp430/4.7.0/mmpy-16/crt0ivtbl16.o
LOAD example-abc.co
LOAD obj_sky/contiki-sky-main.o
LOAD contiki-sky.a
LOAD /usr/local/msp430/bin/../lib/gcc/msp430/4.7.0/mmpy-16/libgcc.a
LOAD /usr/local/msp430/bin/../lib/gcc/msp430/4.7.0/../../../../msp430/lib/mmpy-16/libc.a
LOAD /usr/local/msp430/bin/../lib/gcc/msp430/4.7.0/mmpy-16/libgcc.a
LOAD /usr/local/msp430/bin/../lib/gcc/msp430/4.7.0/mmpy-16/libcrt0.a
                0x00000080                PROVIDE (__info_segment_size, 0x80)
                0x00001000                PROVIDE (__infob, 0x1000)
                0x00001080                PROVIDE (__infoa, 0x1080)
                0x00000000                __IE1 = 0x0
                0x00000002                __IFG1 = 0x2
                0x00000004                __ME1 = 0x4
                0x00000001                __IE2 = 0x1
                0x00000003                __IFG2 = 0x3
                0x00000005                __ME2 = 0x5
                0x00000120                __WDTCTL = 0x120
                0x00000130                __MPY = 0x130
                0x00000132                __MPYS = 0x132
                0x00000134                __MAC = 0x134
                0x00000136                __MACS = 0x136
                0x00000138                __OP2 = 0x138
                0x0000013a                __RESLO = 0x13a
                0x0000013c                __RESHI = 0x13c
                0x0000013e                __SUMEXT = 0x13e
                0x00000020                __P1IN = 0x20
                0x00000021                __P1OUT = 0x21
                0x00000022                __P1DIR = 0x22
                0x00000023                __P1IFG = 0x23
                0x00000024                __P1IES = 0x24
                0x00000025                __P1IE = 0x25
                0x00000026                __P1SEL = 0x26
                0x00000028                __P2IN = 0x28
                0x00000029                __P2OUT = 0x29
                0x0000002a                __P2DIR = 0x2a
                0x0000002b                __P2IFG = 0x2b
                0x0000002c                __P2IES = 0x2c
                0x0000002d                __P2IE = 0x2d
                0x0000002e                __P2SEL = 0x2e
                0x00000018                __P3IN = 0x18
                0x00000019                __P3OUT = 0x19
                0x0000001a                __P3DIR = 0x1a
                0x0000001b                __P3SEL = 0x1b
                0x0000001c                __P4IN = 0x1c
                0x0000001d                __P4OUT = 0x1d
                0x0000001e                __P4DIR = 0x1e
                0x0000001f                __P4SEL = 0x1f
                0x00000030                __P5IN = 0x30
                0x00000031                __P5OUT = 0x31
                0x00000032                __P5DIR = 0x32
                0x00000033                __P5SEL = 0x33
                0x00000034                __P6IN = 0x34
                0x00000035                __P6OUT = 0x35
                0x00000036                __P6DIR = 0x36
                0x00000037                __P6SEL = 0x37
                0x00000070                __U0CTL = 0x70
                0x00000071                __U0TCTL = 0x71
                0x00000072                __U0RCTL = 0x72
                0x00000073                __U0MCTL = 0x73
                0x00000074                __U0BR0 = 0x74
                0x00000075                __U0BR1 = 0x75
                0x00000076                __U0RXBUF = 0x76
                0x00000077                __U0TXBUF = 0x77
                0x00000078                __U1CTL = 0x78
                0x00000079                __U1TCTL = 0x79
                0x0000007a                __U1RCTL = 0x7a
                0x0000007b                __U1MCTL = 0x7b
                0x0000007c                __U1BR0 = 0x7c
                0x0000007d                __U1BR1 = 0x7d
                0x0000007e                __U1RXBUF = 0x7e
                0x0000007f                __U1TXBUF = 0x7f
                0x00000050                __I2CIE = 0x50
                0x00000051                __I2CIFG = 0x51
                0x00000052                __I2CNDAT = 0x52
                0x00000071                __I2CTCTL = 0x71
                0x00000072                __I2CDCTL = 0x72
                0x00000073                __I2CPSC = 0x73
                0x00000074                __I2CSCLH = 0x74
                0x00000075                __I2CSCLL = 0x75
                0x00000076                __I2CDRB = 0x76
                0x00000076                __I2CDRW = 0x76
                0x00000118                __I2COA = 0x118
                0x0000011a                __I2CSA = 0x11a
                0x0000011c                __I2CIV = 0x11c
                0x0000012e                __TAIV = 0x12e
                0x00000160                __TACTL = 0x160
                0x00000162                __TACCTL0 = 0x162
                0x00000164                __TACCTL1 = 0x164
                0x00000166                __TACCTL2 = 0x166
                0x00000170                __TAR = 0x170
                0x00000172                __TACCR0 = 0x172
                0x00000174                __TACCR1 = 0x174
                0x00000176                __TACCR2 = 0x176
                0x0000011e                __TBIV = 0x11e
                0x00000180                __TBCTL = 0x180
                0x00000182                __TBCCTL0 = 0x182
                0x00000184                __TBCCTL1 = 0x184
                0x00000186                __TBCCTL2 = 0x186
                0x00000188                __TBCCTL3 = 0x188
                0x0000018a                __TBCCTL4 = 0x18a
                0x0000018c                __TBCCTL5 = 0x18c
                0x0000018e                __TBCCTL6 = 0x18e
                0x00000190                __TBR = 0x190
                0x00000192                __TBCCR0 = 0x192
                0x00000194                __TBCCR1 = 0x194
                0x00000196                __TBCCR2 = 0x196
                0x00000198                __TBCCR3 = 0x198
                0x0000019a                __TBCCR4 = 0x19a
                0x0000019c                __TBCCR5 = 0x19c
                0x0000019e                __TBCCR6 = 0x19e
                0x00000056                __DCOCTL = 0x56
                0x00000057                __BCSCTL1 = 0x57
                0x00000058                __BCSCTL2 = 0x58
                0x00000055                __SVSCTL = 0x55
                0x00000128                __FCTL1 = 0x128
                0x0000012a                __FCTL2 = 0x12a
                0x0000012c                __FCTL3 = 0x12c
                0x00000059                __CACTL1 = 0x59
                0x0000005a                __CACTL2 = 0x5a
                0x0000005b                __CAPD = 0x5b
                0x000001a0                __ADC12CTL0 = 0x1a0
                0x000001a2                __ADC12CTL1 = 0x1a2
                0x000001a4                __ADC12IFG = 0x1a4
                0x000001a6                __ADC12IE = 0x1a6
                0x000001a8                __ADC12IV = 0x1a8
                0x00000140                __ADC12MEM0 = 0x140
                0x00000142                __ADC12MEM1 = 0x142
                0x00000144                __ADC12MEM2 = 0x144
                0x00000146                __ADC12MEM3 = 0x146
                0x00000148                __ADC12MEM4 = 0x148
                0x0000014a                __ADC12MEM5 = 0x14a
                0x0000014c                __ADC12MEM6 = 0x14c
                0x0000014e                __ADC12MEM7 = 0x14e
                0x00000150                __ADC12MEM8 = 0x150
                0x00000152                __ADC12MEM9 = 0x152
                0x00000154                __ADC12MEM10 = 0x154
                0x00000156                __ADC12MEM11 = 0x156
                0x00000158                __ADC12MEM12 = 0x158
                0x0000015a                __ADC12MEM13 = 0x15a
                0x0000015c                __ADC12MEM14 = 0x15c
                0x0000015e                __ADC12MEM15 = 0x15e
                0x00000080                __ADC12MCTL0 = 0x80
                0x00000081                __ADC12MCTL1 = 0x81
                0x00000082                __ADC12MCTL2 = 0x82
                0x00000083                __ADC12MCTL3 = 0x83
                0x00000084                __ADC12MCTL4 = 0x84
                0x00000085                __ADC12MCTL5 = 0x85
                0x00000086                __ADC12MCTL6 = 0x86
                0x00000087                __ADC12MCTL7 = 0x87
                0x00000088                __ADC12MCTL8 = 0x88
                0x00000089                __ADC12MCTL9 = 0x89
                0x0000008a                __ADC12MCTL10 = 0x8a
                0x0000008b                __ADC12MCTL11 = 0x8b
                0x0000008c                __ADC12MCTL12 = 0x8c
                0x0000008d                __ADC12MCTL13 = 0x8d
                0x0000008e                __ADC12MCTL14 = 0x8e
                0x0000008f                __ADC12MCTL15 = 0x8f
                0x000001c0                __DAC12_0CTL = 0x1c0
                0x000001c2                __DAC12_1CTL = 0x1c2
                0x000001c8                __DAC12_0DAT = 0x1c8
                0x000001ca                __DAC12_1DAT = 0x1ca
                0x00000122                __DMACTL0 = 0x122
                0x00000124                __DMACTL1 = 0x124
                0x000001e0                __DMA0CTL = 0x1e0
                0x000001e8                __DMA1CTL = 0x1e8
                0x000001f0                __DMA2CTL = 0x1f0
                0x000001e2                __DMA0SA = 0x1e2
                0x000001e4                __DMA0DA = 0x1e4
                0x000001e6                __DMA0SZ = 0x1e6
                0x000001ea                __DMA1SA = 0x1ea
                0x000001ec                __DMA1DA = 0x1ec
                0x000001ee                __DMA1SZ = 0x1ee
                0x000001f2                __DMA2SA = 0x1f2
                0x000001f4                __DMA2DA = 0x1f4
                0x000001f6                __DMA2SZ = 0x1f6

.hash
 *(.hash)

.dynsym
 *(.dynsym)

.dynstr
 *(.dynstr)

.gnu.version
 *(.gnu.version)

.gnu.version_d
 *(.gnu.version_d)

.gnu.version_r
 *(.gnu.version_r)

.rel.init
 *(.rel.init)

.rela.init
 *(.rela.init)

.rel.fini
 *(.rel.fini)

.rela.fini
 *(.rela.fini)

.rel.text
 *(.rel.text .rel.text.* .rel.gnu.linkonce.t.*)

.rela.text
 *(.rela.text .rela.text.* .rela.gnu.linkonce.t.*)

.rel.rodata
 *(.rel.rodata .rel.rodata.* .rel.gnu.linkonce.r.*)

.rela.rodata
 *(.rela.rodata .rela.rodata.* .rela.gnu.linkonce.r.*)

.rel.data
 *(.rel.data .rel.data.* .rel.gnu.linkonce.d.*)

.rela.data
 *(.rela.data .rela.data.* .rela.gnu.linkonce.d.*)

.rel.bss
 *(.rel.bss .rel.bss.* .rel.gnu.linkonce.b.*)

.rela.bss
 *(.rela.bss .rela.bss.* .rela.gnu.linkonce.b.*)

.rel.ctors
 *(.rel.ctors)

.rela.ctors
 *(.rela.ctors)

.rel.dtors
 *(.rel.dtors)

.rela.dtors
 *(.rela.dtors)

.rel.got
 *(.rel.got)

.rela.got
 *(.rela.got)

.rel.plt
 *(.rel.plt)

.rela.plt
 *(.rela.plt)

.text           0x00004000     0x4d0e
                0x00004000                . = ALIGN (0x2)
 *(.init .init.*)
 *(.init0)
 .init0         0x00004000        0x0 /usr/local/msp430/bin/../lib/gcc/msp430/4.7.0/mmpy-16/libcrt0.a(_reset_vector__.o)
                0x00004000                _reset_vector__
 *(.init1)
 .init1         0x00004000        0xc /usr/local/msp430/bin/../lib/gcc/msp430/4.7.0/mmpy-16/libcrt0.a(__watchdog_support.o)
                0x00004000                __watchdog_support
 *(.init2)
 .init2         0x0000400c        0x4 /usr/local/msp430/bin/../lib/gcc/msp430/4.7.0/mmpy-16/libcrt0.a(__init_stack.o)
                0x0000400c                __init_stack
 *(.init3)
 .init3         0x00004010        0x0 /usr/local/msp430/bin/../lib/gcc/msp430/4.7.0/mmpy-16/libcrt0.a(__low_level_init.o)
                0x00004010                __low_level_init
 *(.init4)
 .init4         0x00004010       0x18 /usr/local/msp430/bin/../lib/gcc/msp430/4.7.0/mmpy-16/libcrt0.a(_copy_data.o)
                0x00004010                __do_copy_data
 .init4         0x00004028       0x16 /usr/local/msp430/bin/../lib/gcc/msp430/4.7.0/mmpy-16/libcrt0.a(_clear_bss.o)
                0x00004028                __do_clear_bss
 *(.init5)
 *(.init6)
 *(.init7)
 *(.init8)
 *(.init9)
 .init9         0x0000403e      0x2ce obj_sky/contiki-sky-main.o
                0x0000403e                main
 *(.fini9)
 .fini9         0x0000430c        0x0 /usr/local/msp430/bin/../lib/gcc/msp430/4.7.0/mmpy-16/libcrt0.a(__stop_progExec__.o)
                0x0000430c                __stop_progExec__
 *(.fini8)
 *(.fini7)
 *(.fini6)
 *(.fini5)
 *(.fini4)
 *(.fini3)
 *(.fini2)
 *(.fini1)
 *(.fini0)
 .fini0         0x0000430c        0x6 /usr/local/msp430/bin/../lib/gcc/msp430/4.7.0/mmpy-16/libcrt0.a(_endless_loop__.o)
                0x0000430c                _endless_loop__
 *(.fini .fini.*)
                0x00004312                . = ALIGN (0x2)
                0x00004312                __ctors_start = .
 *(.ctors)
                0x00004312                __ctors_end = .
                0x00004312                __dtors_start = .
 *(.dtors)
                0x00004312                __dtors_end = .
                0x00004312                . = ALIGN (0x2)
 *(.text .text.* .gnu.linkonce.t.*)
 .text          0x00004312        0x4 /usr/local/msp430/bin/../lib/gcc/msp430/4.7.0/mmpy-16/crt0ivtbl16.o
                0x00004312                __isr_14
                0x00004312                __isr_11
                0x00004312                __isr_2
                0x00004312                __isr_7
                0x00004312                __isr_0
                0x00004312                __isr_8
                0x00004312                __isr_3
                0x00004312                __isr_12
                0x00004312                __isr_13
                0x00004312                __isr_9
 .text.process_thread_example_abc_process
                0x00004316       0x90 example-abc.co
 .text.abc_recv
                0x000043a6       0x12 example-abc.co
 .text.start_network_layer
                0x000043b8       0x3c obj_sky/contiki-sky-main.o
 .text.init_platform
                0x000043f4        0xc contiki-sky.a(contiki-sky-pla)
                0x000043f4                init_platform
 .text.status   0x00004400       0x18 contiki-sky.a(button-sensor.o)
 .text.value    0x00004418       0x20 contiki-sky.a(button-sensor.o)
 .text.configure
                0x00004438       0x4c contiki-sky.a(button-sensor.o)
 .text.irq_p2   0x00004484       0x88 contiki-sky.a(button-sensor.o)
                0x00004484                irq_p2
                0x00004484                __isr_1
 .text.owreadb  0x0000450c       0x50 contiki-sky.a(ds2411.o)
 .text.ds2411_init
                0x0000455c      0x120 contiki-sky.a(ds2411.o)
                0x0000455c                ds2411_init
 .text.wait_ready
                0x0000467c       0x4a contiki-sky.a(xmem.o)
 .text.xmem_init
                0x000046c6       0x3c contiki-sky.a(xmem.o)
                0x000046c6                xmem_init
 .text.xmem_pread
                0x00004702       0xe0 contiki-sky.a(xmem.o)
                0x00004702                xmem_pread
 .text.node_id_restore
                0x000047e2       0x38 contiki-sky.a(node-id.o)
                0x000047e2                node_id_restore
 .text.process_thread_sensors_process
                0x0000481a       0xc2 contiki-sky.a(sensors.o)
 .text.sensors_changed
                0x000048dc       0x2a contiki-sky.a(sensors.o)
                0x000048dc                sensors_changed
 .text.get_object
                0x00004906        0x4 contiki-sky.a(cc2420.o)
 .text.set_object
                0x0000490a        0x4 contiki-sky.a(cc2420.o)
 .text.strobe   0x0000490e       0x1c contiki-sky.a(cc2420.o)
 .text.getreg   0x0000492a       0x4c contiki-sky.a(cc2420.o)
 .text.setreg   0x00004976       0x4c contiki-sky.a(cc2420.o)
 .text.write_ram
                0x000049c2       0x7c contiki-sky.a(cc2420.o)
 .text.write_fifo_buf
                0x00004a3e       0x3c contiki-sky.a(cc2420.o)
 .text.get_status
                0x00004a7a       0x20 contiki-sky.a(cc2420.o)
 .text.set_txpower
                0x00004a9a       0x24 contiki-sky.a(cc2420.o)
 .text.cc2420_receiving_packet
                0x00004abe        0xc contiki-sky.a(cc2420.o)
 .text.pending_packet
                0x00004aca        0x8 contiki-sky.a(cc2420.o)
 .text.on       0x00004ad2       0x1e contiki-sky.a(cc2420.o)
 .text.wait_for_transmission
                0x00004af0       0x22 contiki-sky.a(cc2420.o)
 .text.wait_for_status
                0x00004b12       0x28 contiki-sky.a(cc2420.o)
 .text.getrxdata
                0x00004b3a       0x50 contiki-sky.a(cc2420.o)
 .text.flushrx  0x00004b8a       0x1a contiki-sky.a(cc2420.o)
 .text.off      0x00004ba4       0x56 contiki-sky.a(cc2420.o)
 .text.RELEASE_LOCK
                0x00004bfa       0x28 contiki-sky.a(cc2420.o)
 .text.set_key  0x00004c22       0x18 contiki-sky.a(cc2420.o)
 .text.cc2420_prepare
                0x00004c3a       0x3c contiki-sky.a(cc2420.o)
 .text.cc2420_on
                0x00004c76       0x22 contiki-sky.a(cc2420.o)
                0x00004c76                cc2420_on
 .text.cc2420_off
                0x00004c98       0x30 contiki-sky.a(cc2420.o)
                0x00004c98                cc2420_off
 .text.cc2420_cca
                0x00004cc8       0x68 contiki-sky.a(cc2420.o)
 .text.cc2420_read
                0x00004d30       0xac contiki-sky.a(cc2420.o)
 .text.process_thread_cc2420_process
                0x00004ddc       0x54 contiki-sky.a(cc2420.o)
 .text.encrypt  0x00004e30       0x88 contiki-sky.a(cc2420.o)
 .text.cc2420_set_channel
                0x00004eb8       0x3c contiki-sky.a(cc2420.o)
                0x00004eb8                cc2420_set_channel
 .text.cc2420_set_pan_addr
                0x00004ef4       0x4c contiki-sky.a(cc2420.o)
                0x00004ef4                cc2420_set_pan_addr
 .text.cc2420_interrupt
                0x00004f40       0x16 contiki-sky.a(cc2420.o)
                0x00004f40                cc2420_interrupt
 .text.cc2420_set_txpower
                0x00004f56        0xe contiki-sky.a(cc2420.o)
                0x00004f56                cc2420_set_txpower
 .text.cc2420_get_txpower
                0x00004f64       0x1e contiki-sky.a(cc2420.o)
                0x00004f64                cc2420_get_txpower
 .text.cc2420_transmit
                0x00004f82      0x12c contiki-sky.a(cc2420.o)
 .text.cc2420_send
                0x000050ae       0x12 contiki-sky.a(cc2420.o)
 .text.cc2420_rssi
                0x000050c0       0x4c contiki-sky.a(cc2420.o)
                0x000050c0                cc2420_rssi
 .text.get_value
                0x0000510c       0xa8 contiki-sky.a(cc2420.o)
 .text.cc2420_set_cca_threshold
                0x000051b4       0x16 contiki-sky.a(cc2420.o)
                0x000051b4                cc2420_set_cca_threshold
 .text.set_value
                0x000051ca       0x86 contiki-sky.a(cc2420.o)
 .text.cc2420_init
                0x00005250       0xd8 contiki-sky.a(cc2420.o)
                0x00005250                cc2420_init
 .text.cc2420_port1_interrupt
                0x00005328       0x62 contiki-sky.a(cc2420-arch.o)
                0x00005328                __isr_4
                0x00005328                cc2420_port1_interrupt
 .text.cc2420_arch_init
                0x0000538a       0x1a contiki-sky.a(cc2420-arch.o)
                0x0000538a                cc2420_arch_init
 .text.handle_rxdma_timer
                0x000053a4       0x3a contiki-sky.a(uart1.o)
 .text.uart1_active
                0x000053de       0x18 contiki-sky.a(uart1.o)
                0x000053de                uart1_active
 .text.uart1_set_input
                0x000053f6       0x20 contiki-sky.a(uart1.o)
                0x000053f6                uart1_set_input
 .text.uart1_writeb
                0x00005416       0x18 contiki-sky.a(uart1.o)
                0x00005416                uart1_writeb
 .text.uart1_init
                0x0000542e       0xf4 contiki-sky.a(uart1.o)
                0x0000542e                uart1_init
 .text.putchar  0x00005522       0x10 contiki-sky.a(uart1-putchar.o)
                0x00005522                putchar
 .text.msp430_init_dco
                0x00005532       0x82 contiki-sky.a(msp430.o)
                0x00005532                msp430_init_dco
 .text.msp430_add_lpm_req
                0x000055b4        0xc contiki-sky.a(msp430.o)
                0x000055b4                msp430_add_lpm_req
 .text.msp430_cpu_init
                0x000055c0       0x2a contiki-sky.a(msp430.o)
                0x000055c0                msp430_cpu_init
 .text.splhigh_
                0x000055ea        0x8 contiki-sky.a(msp430.o)
                0x000055ea                splhigh_
 .text.msp430_sync_dco
                0x000055f2       0x6c contiki-sky.a(msp430.o)
                0x000055f2                msp430_sync_dco
 .text.timera1  0x0000565e      0x11e contiki-sky.a(clock.o)
                0x0000565e                __isr_5
                0x0000565e                timera1
 .text.clock_time
                0x0000577c       0x1a contiki-sky.a(clock.o)
                0x0000577c                clock_time
 .text.clock_init
                0x00005796       0x28 contiki-sky.a(clock.o)
                0x00005796                clock_init
 .text.clock_delay
                0x000057be        0xc contiki-sky.a(clock.o)
                0x000057be                clock_delay
 .text.show_leds
                0x000057ca       0xf0 contiki-sky.a(leds.o)
 .text.leds_init
                0x000058ba        0xa contiki-sky.a(leds.o)
                0x000058ba                leds_init
 .text.leds_on  0x000058c4        0xa contiki-sky.a(leds.o)
                0x000058c4                leds_on
 .text.leds_off
                0x000058ce        0xe contiki-sky.a(leds.o)
                0x000058ce                leds_off
 .text.leds_arch_init
                0x000058dc        0xe contiki-sky.a(leds-arch.o)
                0x000058dc                leds_arch_init
 .text.leds_arch_set
                0x000058ea       0x38 contiki-sky.a(leds-arch.o)
                0x000058ea                leds_arch_set
 .text.watchdog_interrupt
                0x00005922        0x6 contiki-sky.a(watchdog.o)
                0x00005922                __isr_10
                0x00005922                watchdog_interrupt
 .text.watchdog_start
                0x00005928       0x14 contiki-sky.a(watchdog.o)
                0x00005928                watchdog_start
 .text.watchdog_periodic
                0x0000593c       0x12 contiki-sky.a(watchdog.o)
                0x0000593c                watchdog_periodic
 .text.watchdog_stop
                0x0000594e       0x16 contiki-sky.a(watchdog.o)
                0x0000594e                watchdog_stop
 .text.watchdog_init
                0x00005964       0x12 contiki-sky.a(watchdog.o)
                0x00005964                watchdog_init
 .text.rtimer_arch_init
                0x00005976        0xe contiki-sky.a(rtimer-arch.o)
                0x00005976                rtimer_arch_init
 .text.rtimer_arch_now
                0x00005984        0xe contiki-sky.a(rtimer-arch.o)
                0x00005984                rtimer_arch_now
 .text.timera0  0x00005992       0x70 contiki-sky.a(rtimer-arch.o)
                0x00005992                __isr_6
                0x00005992                timera0
 .text.rtimer_arch_schedule
                0x00005a02        0x6 contiki-sky.a(rtimer-arch.o)
                0x00005a02                rtimer_arch_schedule
 .text.autostart_start
                0x00005a08       0x16 contiki-sky.a(autostart.o)
                0x00005a08                autostart_start
 .text.process_thread_ctimer_process
                0x00005a1e       0xa8 contiki-sky.a(ctimer.o)
 .text.ctimer_init
                0x00005ac6       0x18 contiki-sky.a(ctimer.o)
                0x00005ac6                ctimer_init
 .text.ctimer_set
                0x00005ade       0x50 contiki-sky.a(ctimer.o)
                0x00005ade                ctimer_set
 .text.ctimer_reset
                0x00005b2e       0x30 contiki-sky.a(ctimer.o)
                0x00005b2e                ctimer_reset
 .text.ctimer_stop
                0x00005b5e       0x28 contiki-sky.a(ctimer.o)
                0x00005b5e                ctimer_stop
 .text.energest_init
                0x00005b86       0x26 contiki-sky.a(energest.o)
                0x00005b86                energest_init
 .text.energest_type_time
                0x00005bac       0x48 contiki-sky.a(energest.o)
                0x00005bac                energest_type_time
 .text.energest_type_set
                0x00005bf4        0xe contiki-sky.a(energest.o)
                0x00005bf4                energest_type_set
 .text.energest_flush
                0x00005c02       0x48 contiki-sky.a(energest.o)
                0x00005c02                energest_flush
 .text.update_time
                0x00005c4a       0x78 contiki-sky.a(etimer.o)
 .text.etimer_request_poll
                0x00005cc2        0xa contiki-sky.a(etimer.o)
                0x00005cc2                etimer_request_poll
 .text.process_thread_etimer_process
                0x00005ccc       0xcc contiki-sky.a(etimer.o)
 .text.add_timer
                0x00005d98       0x40 contiki-sky.a(etimer.o)
 .text.etimer_set
                0x00005dd8       0x12 contiki-sky.a(etimer.o)
                0x00005dd8                etimer_set
 .text.etimer_reset
                0x00005dea       0x12 contiki-sky.a(etimer.o)
                0x00005dea                etimer_reset
 .text.etimer_expired
                0x00005dfc        0xe contiki-sky.a(etimer.o)
                0x00005dfc                etimer_expired
 .text.etimer_pending
                0x00005e0a        0xc contiki-sky.a(etimer.o)
                0x00005e0a                etimer_pending
 .text.etimer_next_expiration_time
                0x00005e16       0x16 contiki-sky.a(etimer.o)
                0x00005e16                etimer_next_expiration_time
 .text.etimer_stop
                0x00005e2c       0x3e contiki-sky.a(etimer.o)
                0x00005e2c                etimer_stop
 .text.call_process
                0x00005e6a       0x46 contiki-sky.a(process.o)
 .text.exit_process
                0x00005eb0       0x96 contiki-sky.a(process.o)
 .text.do_poll  0x00005f46       0x30 contiki-sky.a(process.o)
 .text.process_alloc_event
                0x00005f76        0xe contiki-sky.a(process.o)
                0x00005f76                process_alloc_event
 .text.process_init
                0x00005f84       0x1c contiki-sky.a(process.o)
                0x00005f84                process_init
 .text.process_run
                0x00005fa0       0xa2 contiki-sky.a(process.o)
                0x00005fa0                process_run
 .text.process_nevents
                0x00006042        0xe contiki-sky.a(process.o)
                0x00006042                process_nevents
 .text.process_post
                0x00006050       0x54 contiki-sky.a(process.o)
                0x00006050                process_post
 .text.process_post_synch
                0x000060a4       0x12 contiki-sky.a(process.o)
                0x000060a4                process_post_synch
 .text.process_start
                0x000060b6       0x36 contiki-sky.a(process.o)
                0x000060b6                process_start
 .text.process_poll
                0x000060ec       0x18 contiki-sky.a(process.o)
                0x000060ec                process_poll
 .text.rtimer_init
                0x00006104        0x6 contiki-sky.a(rtimer.o)
                0x00006104                rtimer_init
 .text.rtimer_set
                0x0000610a       0x24 contiki-sky.a(rtimer.o)
                0x0000610a                rtimer_set
 .text.rtimer_run_next
                0x0000612e       0x26 contiki-sky.a(rtimer.o)
                0x0000612e                rtimer_run_next
 .text.timer_set
                0x00006154       0x1c contiki-sky.a(timer.o)
                0x00006154                timer_set
 .text.timer_reset
                0x00006170        0xe contiki-sky.a(timer.o)
                0x00006170                timer_reset
 .text.timer_expired
                0x0000617e       0x2a contiki-sky.a(timer.o)
                0x0000617e                timer_expired
 .text.process_thread_serial_line_process
                0x000061a8       0x9e contiki-sky.a(serial-line.o)
 .text.serial_line_input_byte
                0x00006246       0x4a contiki-sky.a(serial-line.o)
                0x00006246                serial_line_input_byte
 .text.serial_line_init
                0x00006290       0x1c contiki-sky.a(serial-line.o)
                0x00006290                serial_line_init
 .text.list_init
                0x000062ac        0x6 contiki-sky.a(list.o)
                0x000062ac                list_init
 .text.list_head
                0x000062b2        0x4 contiki-sky.a(list.o)
                0x000062b2                list_head
 .text.list_tail
                0x000062b6       0x12 contiki-sky.a(list.o)
                0x000062b6                list_tail
 .text.list_remove
                0x000062c8       0x34 contiki-sky.a(list.o)
                0x000062c8                list_remove
 .text.list_push
                0x000062fc       0x1a contiki-sky.a(list.o)
                0x000062fc                list_push
 .text.list_add
                0x00006316       0x2a contiki-sky.a(list.o)
                0x00006316                list_add
 .text.list_length
                0x00006340       0x10 contiki-sky.a(list.o)
                0x00006340                list_length
 .text.list_item_next
                0x00006350        0xc contiki-sky.a(list.o)
                0x00006350                list_item_next
 .text.random_init
                0x0000635c        0x6 contiki-sky.a(random.o)
                0x0000635c                random_init
 .text.random_rand
                0x00006362        0x6 contiki-sky.a(random.o)
                0x00006362                random_rand
 .text.ringbuf_init
                0x00006368       0x14 contiki-sky.a(ringbuf.o)
                0x00006368                ringbuf_init
 .text.ringbuf_put
                0x0000637c       0x38 contiki-sky.a(ringbuf.o)
                0x0000637c                ringbuf_put
 .text.ringbuf_get
                0x000063b4       0x32 contiki-sky.a(ringbuf.o)
                0x000063b4                ringbuf_get
 .text.abc_open
                0x000063e6       0x26 contiki-sky.a(abc.o)
                0x000063e6                abc_open
 .text.abc_close
                0x0000640c        0x6 contiki-sky.a(abc.o)
                0x0000640c                abc_close
 .text.abc_send
                0x00006412        0x6 contiki-sky.a(abc.o)
                0x00006412                abc_send
 .text.abc_input
                0x00006418        0xe contiki-sky.a(abc.o)
                0x00006418                abc_input
 .text.abc_sent
                0x00006426       0x10 contiki-sky.a(abc.o)
                0x00006426                abc_sent
 .text.channel_init
                0x00006436        0xa contiki-sky.a(channel.o)
                0x00006436                channel_init
 .text.channel_open
                0x00006440       0x10 contiki-sky.a(channel.o)
                0x00006440                channel_open
 .text.channel_close
                0x00006450        0xc contiki-sky.a(channel.o)
                0x00006450                channel_close
 .text.channel_lookup
                0x0000645c       0x20 contiki-sky.a(channel.o)
                0x0000645c                channel_lookup
 .text.channel_set_attributes
                0x0000647c       0x24 contiki-sky.a(channel.o)
                0x0000647c                channel_set_attributes
 .text.input    0x000064a0       0x3a contiki-sky.a(rime.o)
 .text.init     0x000064da       0x2e contiki-sky.a(rime.o)
 .text.packet_sent
                0x00006508       0x44 contiki-sky.a(rime.o)
 .text.rime_output
                0x0000654c       0x24 contiki-sky.a(rime.o)
                0x0000654c                rime_output
 .text.input_packet
                0x00006570        0x6 contiki-sky.a(csma.o)
 .text.on       0x00006576        0x6 contiki-sky.a(csma.o)
 .text.off      0x0000657c        0x6 contiki-sky.a(csma.o)
 .text.channel_check_interval
                0x00006582       0x10 contiki-sky.a(csma.o)
 .text.transmit_packet_list
                0x00006592       0x24 contiki-sky.a(csma.o)
 .text.init     0x000065b6       0x1a contiki-sky.a(csma.o)
 .text.send_packet
                0x000065d0      0x184 contiki-sky.a(csma.o)
 .text.free_packet
                0x00006754       0x98 contiki-sky.a(csma.o)
 .text.packet_sent
                0x000067ec      0x130 contiki-sky.a(csma.o)
 .text.mac_call_sent_callback
                0x0000691c       0x14 contiki-sky.a(mac.o)
                0x0000691c                mac_call_sent_callback
 .text.linkaddr_copy
                0x00006930        0xc contiki-sky.a(linkaddr.o)
                0x00006930                linkaddr_copy
 .text.linkaddr_cmp
                0x0000693c       0x12 contiki-sky.a(linkaddr.o)
                0x0000693c                linkaddr_cmp
 .text.linkaddr_set_node_addr
                0x0000694e        0xc contiki-sky.a(linkaddr.o)
                0x0000694e                linkaddr_set_node_addr
 .text.packetbuf_compact
                0x0000695a       0x2e contiki-sky.a(packetbuf.o)
                0x0000695a                packetbuf_compact
 .text.packetbuf_copyto
                0x00006988       0x52 contiki-sky.a(packetbuf.o)
                0x00006988                packetbuf_copyto
 .text.packetbuf_hdrreduce
                0x000069da       0x1a contiki-sky.a(packetbuf.o)
                0x000069da                packetbuf_hdrreduce
 .text.packetbuf_set_datalen
                0x000069f4        0x6 contiki-sky.a(packetbuf.o)
                0x000069f4                packetbuf_set_datalen
 .text.packetbuf_dataptr
                0x000069fa        0xe contiki-sky.a(packetbuf.o)
                0x000069fa                packetbuf_dataptr
 .text.packetbuf_hdrptr
                0x00006a08        0xa contiki-sky.a(packetbuf.o)
                0x00006a08                packetbuf_hdrptr
 .text.packetbuf_datalen
                0x00006a12        0x6 contiki-sky.a(packetbuf.o)
                0x00006a12                packetbuf_datalen
 .text.packetbuf_hdrlen
                0x00006a18       0x10 contiki-sky.a(packetbuf.o)
                0x00006a18                packetbuf_hdrlen
 .text.packetbuf_totlen
                0x00006a28        0xc contiki-sky.a(packetbuf.o)
                0x00006a28                packetbuf_totlen
 .text.packetbuf_hdralloc
                0x00006a34       0x2e contiki-sky.a(packetbuf.o)
                0x00006a34                packetbuf_hdralloc
 .text.packetbuf_attr_clear
                0x00006a62       0x2c contiki-sky.a(packetbuf.o)
                0x00006a62                packetbuf_attr_clear
 .text.packetbuf_clear
                0x00006a8e       0x1a contiki-sky.a(packetbuf.o)
                0x00006a8e                packetbuf_clear
 .text.packetbuf_copyfrom
                0x00006aa8       0x2e contiki-sky.a(packetbuf.o)
                0x00006aa8                packetbuf_copyfrom
 .text.packetbuf_attr_copyto
                0x00006ad6       0x20 contiki-sky.a(packetbuf.o)
                0x00006ad6                packetbuf_attr_copyto
 .text.packetbuf_attr_copyfrom
                0x00006af6       0x22 contiki-sky.a(packetbuf.o)
                0x00006af6                packetbuf_attr_copyfrom
 .text.packetbuf_holds_broadcast
                0x00006b18        0xe contiki-sky.a(packetbuf.o)
                0x00006b18                packetbuf_holds_broadcast
 .text.queuebuf_init
                0x00006b26       0x12 contiki-sky.a(queuebuf.o)
                0x00006b26                queuebuf_init
 .text.queuebuf_new_from_packetbuf
                0x00006b38       0x52 contiki-sky.a(queuebuf.o)
                0x00006b38                queuebuf_new_from_packetbuf
 .text.queuebuf_update_attr_from_packetbuf
                0x00006b8a       0x12 contiki-sky.a(queuebuf.o)
                0x00006b8a                queuebuf_update_attr_from_packetbuf
 .text.queuebuf_update_from_packetbuf
                0x00006b9c       0x22 contiki-sky.a(queuebuf.o)
                0x00006b9c                queuebuf_update_from_packetbuf
 .text.queuebuf_free
                0x00006bbe       0x2a contiki-sky.a(queuebuf.o)
                0x00006bbe                queuebuf_free
 .text.queuebuf_to_packetbuf
                0x00006be8       0x32 contiki-sky.a(queuebuf.o)
                0x00006be8                queuebuf_to_packetbuf
 .text.queuebuf_attr
                0x00006c1a        0xe contiki-sky.a(queuebuf.o)
                0x00006c1a                queuebuf_attr
 .text.duty_cycle
                0x00006c28        0x6 contiki-sky.a(contikimac.o)
 .text.init     0x00006c2e       0x2a contiki-sky.a(contikimac.o)
 .text.on       0x00006c58       0x1a contiki-sky.a(contikimac.o)
 .text.off      0x00006c72       0x22 contiki-sky.a(contikimac.o)
 .text.recv_burst_off
                0x00006c94        0xa contiki-sky.a(contikimac.o)
 .text.turn_off
                0x00006c9e       0x20 contiki-sky.a(contikimac.o)
 .text.turn_on  0x00006cbe       0x30 contiki-sky.a(contikimac.o)
 .text.schedule_powercycle_fixed.part.4
                0x00006cee       0x34 contiki-sky.a(contikimac.o)
 .text.powercycle_turn_radio_off
                0x00006d22       0x30 contiki-sky.a(contikimac.o)
 .text.input_packet
                0x00006d52       0xb6 contiki-sky.a(contikimac.o)
 .text.send_packet.isra.7
                0x00006e08      0x20c contiki-sky.a(contikimac.o)
 .text.qsend_list
                0x00007014       0xc4 contiki-sky.a(contikimac.o)
 .text.qsend_packet
                0x000070d8       0x28 contiki-sky.a(contikimac.o)
 .text.powercycle
                0x00007100      0x1d6 contiki-sky.a(contikimac.o)
 .text.hdr_length
                0x000072d6        0x8 contiki-sky.a(contikimac-fram)
 .text.parse    0x000072de       0x3e contiki-sky.a(contikimac-fram)
 .text.create   0x0000731c       0x26 contiki-sky.a(contikimac-fram)
 .text.create_and_secure
                0x00007342       0x6a contiki-sky.a(contikimac-fram)
 .text.bootstrap
                0x000073ac        0x4 contiki-sky.a(nullsec.o)
 .text.send     0x000073b0        0xa contiki-sky.a(nullsec.o)
 .text.on_frame_created
                0x000073ba        0x4 contiki-sky.a(nullsec.o)
 .text.input    0x000073be        0x6 contiki-sky.a(nullsec.o)
 .text.get_overhead
                0x000073c4        0x4 contiki-sky.a(nullsec.o)
 .text.spi_init
                0x000073c8       0x30 contiki-sky.a(spi.o)
                0x000073c8                spi_init
 .text.compower_accumulate
                0x000073f8       0x72 contiki-sky.a(compower.o)
                0x000073f8                compower_accumulate
 .text.compower_clear
                0x0000746a       0x12 contiki-sky.a(compower.o)
                0x0000746a                compower_clear
 .text.compower_attrconv
                0x0000747c       0x10 contiki-sky.a(compower.o)
                0x0000747c                compower_attrconv
 .text.memb_init
                0x0000748c       0x36 contiki-sky.a(memb.o)
                0x0000748c                memb_init
 .text.memb_alloc
                0x000074c2       0x3e contiki-sky.a(memb.o)
                0x000074c2                memb_alloc
 .text.memb_free
                0x00007500       0x3a contiki-sky.a(memb.o)
                0x00007500                memb_free
 .text.memb_inmemb
                0x0000753a       0x2a contiki-sky.a(memb.o)
                0x0000753a                memb_inmemb
 .text.announcement_init
                0x00007564        0xa contiki-sky.a(announcement.o)
                0x00007564                announcement_init
 .text.announcement_register_observer_callback
                0x0000756e        0x6 contiki-sky.a(announcement.o)
                0x0000756e                announcement_register_observer_callback
 .text.announcement_list
                0x00007574        0xa contiki-sky.a(announcement.o)
                0x00007574                announcement_list
 .text.announcement_heard
                0x0000757e       0x42 contiki-sky.a(announcement.o)
                0x0000757e                announcement_heard
 .text.adv_packet_sent
                0x000075c0        0x2 contiki-sky.a(broadcast-annou)
 .text.adv_packet_received
                0x000075c2       0x64 contiki-sky.a(broadcast-annou)
 .text.set_timers
                0x00007626       0x4a contiki-sky.a(broadcast-annou)
 .text.send_timer
                0x00007670       0x32 contiki-sky.a(broadcast-annou)
 .text.send_adv
                0x000076a2       0x66 contiki-sky.a(broadcast-annou)
 .text.new_announcement
                0x00007708       0x18 contiki-sky.a(broadcast-annou)
 .text.broadcast_announcement_init
                0x00007720       0x48 contiki-sky.a(broadcast-annou)
                0x00007720                broadcast_announcement_init
 .text.sent_by_abc
                0x00007768       0x10 contiki-sky.a(broadcast.o)
 .text.recv_from_abc
                0x00007778       0x26 contiki-sky.a(broadcast.o)
 .text.broadcast_open
                0x0000779e       0x2a contiki-sky.a(broadcast.o)
                0x0000779e                broadcast_open
 .text.broadcast_send
                0x000077c8       0x1a contiki-sky.a(broadcast.o)
                0x000077c8                broadcast_send
 .text.chameleon_init
                0x000077e2        0x6 contiki-sky.a(chameleon.o)
                0x000077e2                chameleon_init
 .text.chameleon_parse
                0x000077e8       0x10 contiki-sky.a(chameleon.o)
                0x000077e8                chameleon_parse
 .text.chameleon_create
                0x000077f8       0x1c contiki-sky.a(chameleon.o)
                0x000077f8                chameleon_create
 .text.chameleon_hdrsize
                0x00007814        0x6 contiki-sky.a(chameleon.o)
                0x00007814                chameleon_hdrsize
 .text.create_frame.isra.0
                0x0000781a      0x104 contiki-sky.a(framer-802154.o)
 .text.create   0x0000791e        0x8 contiki-sky.a(framer-802154.o)
 .text.hdr_length
                0x00007926        0x8 contiki-sky.a(framer-802154.o)
 .text.parse    0x0000792e       0xa4 contiki-sky.a(framer-802154.o)
 .text.framer_canonical_create_and_secure
                0x000079d2       0x20 contiki-sky.a(framer.o)
                0x000079d2                framer_canonical_create_and_secure
 .text.mac_sequence_is_duplicate
                0x000079f2       0x3c contiki-sky.a(mac-sequence.o)
                0x000079f2                mac_sequence_is_duplicate
 .text.mac_sequence_register_seqno
                0x00007a2e       0x5c contiki-sky.a(mac-sequence.o)
                0x00007a2e                mac_sequence_register_seqno
 .text.header_size
                0x00007a8a       0x16 contiki-sky.a(chameleon-bitop)
 .text.get_bits_in_byte
                0x00007aa0       0x3a contiki-sky.a(chameleon-bitop)
                0x00007aa0                get_bits_in_byte
 .text.get_bits
                0x00007ada       0xa2 contiki-sky.a(chameleon-bitop)
                0x00007ada                get_bits
 .text.unpack_header
                0x00007b7c       0xd2 contiki-sky.a(chameleon-bitop)
 .text.set_bits_in_byte
                0x00007c4e       0x2c contiki-sky.a(chameleon-bitop)
                0x00007c4e                set_bits_in_byte
 .text.set_bits
                0x00007c7a       0xc8 contiki-sky.a(chameleon-bitop)
                0x00007c7a                set_bits
 .text.pack_header
                0x00007d42       0xbe contiki-sky.a(chameleon-bitop)
 .text.field_len
                0x00007e00       0x90 contiki-sky.a(frame802154.o)
 .text.frame802154_hdrlen
                0x00007e90       0x2e contiki-sky.a(frame802154.o)
                0x00007e90                frame802154_hdrlen
 .text.frame802154_create
                0x00007ebe      0x146 contiki-sky.a(frame802154.o)
                0x00007ebe                frame802154_create
 .text.frame802154_parse
                0x00008004      0x1ba contiki-sky.a(frame802154.o)
                0x00008004                frame802154_parse
 .text.libgcc   0x000081be       0x2c /usr/local/msp430/bin/../lib/gcc/msp430/4.7.0/mmpy-16/libgcc.a(_mulsi3.o)
                0x000081be                __mulsi3
 .text.libgcc   0x000081ea       0x40 /usr/local/msp430/bin/../lib/gcc/msp430/4.7.0/mmpy-16/libgcc.a(_udivmod32.o)
                0x000081ea                __udivsi3
                0x000081ea                __ext_udivmod32
                0x00008220                __umodsi3
 .text.printf   0x0000822a       0x10 /usr/local/msp430/bin/../lib/gcc/msp430/4.7.0/../../../../msp430/lib/mmpy-16/libc.a(printf.o)
                0x0000822a                printf
 .text.print_field
                0x0000823a      0x194 /usr/local/msp430/bin/../lib/gcc/msp430/4.7.0/../../../../msp430/lib/mmpy-16/libc.a(vuprintf.o)
 .text.vuprintf
                0x000083ce      0x63c /usr/local/msp430/bin/../lib/gcc/msp430/4.7.0/../../../../msp430/lib/mmpy-16/libc.a(vuprintf.o)
                0x000083ce                vuprintf
 .text.puts     0x00008a0a       0x2c /usr/local/msp430/bin/../lib/gcc/msp430/4.7.0/../../../../msp430/lib/mmpy-16/libc.a(puts.o)
                0x00008a0a                puts
 .text.rand     0x00008a36       0x26 /usr/local/msp430/bin/../lib/gcc/msp430/4.7.0/../../../../msp430/lib/mmpy-16/libc.a(rand.o)
                0x00008a36                rand
 .text.srand    0x00008a5c        0xa /usr/local/msp430/bin/../lib/gcc/msp430/4.7.0/../../../../msp430/lib/mmpy-16/libc.a(rand.o)
                0x00008a5c                srand
 .text.memcmp   0x00008a66       0x30 /usr/local/msp430/bin/../lib/gcc/msp430/4.7.0/../../../../msp430/lib/mmpy-16/libc.a(memcmp.o)
                0x00008a66                memcmp
 .text.memcpy   0x00008a96       0xfa /usr/local/msp430/bin/../lib/gcc/msp430/4.7.0/../../../../msp430/lib/mmpy-16/libc.a(memcpy.o)
                0x00008a96                memcpy
 .text.memset   0x00008b90       0x6a /usr/local/msp430/bin/../lib/gcc/msp430/4.7.0/../../../../msp430/lib/mmpy-16/libc.a(memset.o)
                0x00008b90                memset
 .text.libgcc   0x00008bfa       0x22 /usr/local/msp430/bin/../lib/gcc/msp430/4.7.0/mmpy-16/libgcc.a(_udivmod16.o)
                0x00008bfa                __udivhi3
                0x00008bfa                __ext_udivmod16
                0x00008c14                __umodhi3
 .text.libgcc   0x00008c1c       0xf0 /usr/local/msp430/bin/../lib/gcc/msp430/4.7.0/mmpy-16/libgcc.a(_udivmod64.o)
                0x00008c1c                __xabi_udivmod64
                0x00008c7a                __udivdi3
                0x00008ca0                __umoddi3
                0x00008cce                __udivmoddi4
 .text.crt0     0x00008d0c        0x2 /usr/local/msp430/bin/../lib/gcc/msp430/4.7.0/mmpy-16/libcrt0.a(_unexpected_.o)
                0x00008d0c                _unexpected_
 *(.near.text .near.text.*)

.rodata         0x00008d10      0x251
                0x00008d10                . = ALIGN (0x2)
 *(.rodata .rodata.* .gnu.linkonce.r.*)
 .rodata        0x00008d10       0x46 example-abc.co
                0x00008d42                autostart_processes
 .rodata        0x00008d56       0xe5 obj_sky/contiki-sky-main.o
 *fill*         0x00008e3b        0x1 00
 .rodata        0x00008e3c       0x10 contiki-sky.a(button-sensor.o)
                0x00008e44                button_sensor
 .rodata        0x00008e4c        0x8 contiki-sky.a(sensors.o)
 .rodata.get_value
                0x00008e54       0x1c contiki-sky.a(cc2420.o)
 .rodata        0x00008e70       0x3e contiki-sky.a(cc2420.o)
                0x00008e70                cc2420_aes_128_driver
                0x00008e74                cc2420_driver
 .rodata        0x00008eae        0xf contiki-sky.a(ctimer.o)
 .rodata        0x00008ebd        0xc contiki-sky.a(etimer.o)
 .rodata        0x00008ec9        0xe contiki-sky.a(serial-line.o)
 *fill*         0x00008ed7        0x1 00
 .rodata        0x00008ed8        0x2 contiki-sky.a(abc.o)
 .rodata        0x00008eda        0xc contiki-sky.a(rime.o)
                0x00008ee0                rime_driver
 .rodata        0x00008ee6       0x14 contiki-sky.a(csma.o)
                0x00008eec                csma_driver
 .rodata        0x00008efa        0x2 contiki-sky.a(linkaddr.o)
                0x00008efa                linkaddr_null
 .rodata        0x00008efc       0x1c contiki-sky.a(contikimac.o)
                0x00008f08                contikimac_driver
 .rodata        0x00008f18        0x8 contiki-sky.a(contikimac-fram)
                0x00008f18                contikimac_framer
 .rodata        0x00008f20       0x14 contiki-sky.a(nullsec.o)
                0x00008f28                nullsec_driver
 .rodata        0x00008f34        0x4 contiki-sky.a(broadcast-annou)
 .rodata        0x00008f38        0x8 contiki-sky.a(broadcast.o)
 .rodata        0x00008f40        0x8 contiki-sky.a(framer-802154.o)
                0x00008f40                framer_802154
 .rodata        0x00008f48       0x10 contiki-sky.a(chameleon-bitop)
                0x00008f48                chameleon_bitopt
 .rodata        0x00008f58        0x2 contiki-sky.a(frame802154.o)
 .rodata.vuprintf
                0x00008f5a        0x7 /usr/local/msp430/bin/../lib/gcc/msp430/4.7.0/../../../../msp430/lib/mmpy-16/libc.a(vuprintf.o)
 *(.near.rodata .near.rodata.*)
                0x00008f62                . = ALIGN (0x2)
                0x00008f62                _etext = .

.data           0x00001100       0x6e load address 0x00008f62
                0x00001100                . = ALIGN (0x2)
                0x00001100                __data_start = .
 *(.data .data.* .gnu.linkonce.d.*)
 .data          0x00001100        0xa example-abc.co
                0x00001100                example_abc_process
 .data          0x0000110a        0x4 contiki-sky.a(contiki-sky-pla)
                0x0000110a                sensors
 .data          0x0000110e        0xa contiki-sky.a(sensors.o)
                0x0000110e                sensors_process
 .data          0x00001118        0xa contiki-sky.a(cc2420.o)
                0x00001118                cc2420_process
 .data          0x00001122        0x2 contiki-sky.a(msp430.o)
 .data          0x00001124        0xa contiki-sky.a(ctimer.o)
                0x00001124                ctimer_process
 .data          0x0000112e        0xa contiki-sky.a(etimer.o)
                0x0000112e                etimer_process
 .data          0x00001138        0xa contiki-sky.a(serial-line.o)
                0x00001138                serial_line_process
 .data          0x00001142       0x18 contiki-sky.a(csma.o)
 .data          0x0000115a       0x10 contiki-sky.a(queuebuf.o)
 .data.next     0x0000116a        0x4 /usr/local/msp430/bin/../lib/gcc/msp430/4.7.0/../../../../msp430/lib/mmpy-16/libc.a(rand.o)
 *(.near.data .near.data.*)
                0x0000116e                . = ALIGN (0x2)
                0x0000116e                _edata = .
                0x00008f62                __data_load_start = LOADADDR (.data)
                0x0000006e                __data_size = SIZEOF (.data)

.bss            0x0000116e     0x11c2 load address 0x00008fd0
                0x0000116e                __bss_start = .
 *(.bss .bss.*)
 .bss           0x0000116e       0x16 example-abc.co
 .bss           0x00001184        0xc obj_sky/contiki-sky-main.o
 .bss           0x00001190        0x8 contiki-sky.a(button-sensor.o)
 .bss           0x00001198        0x2 contiki-sky.a(node-id.o)
                0x00001198                node_id
 .bss           0x0000119a        0x6 contiki-sky.a(sensors.o)
 .bss           0x000011a0        0x8 contiki-sky.a(cc2420.o)
 .bss           0x000011a8       0x9a contiki-sky.a(uart1.o)
 .bss           0x00001242        0xa contiki-sky.a(clock.o)
 .bss           0x0000124c        0x1 contiki-sky.a(leds.o)
 *fill*         0x0000124d        0x1 00
 .bss           0x0000124e        0x2 contiki-sky.a(watchdog.o)
 .bss           0x00001250        0x4 contiki-sky.a(ctimer.o)
 .bss           0x00001254        0x6 contiki-sky.a(etimer.o)
 .bss           0x0000125a       0x42 contiki-sky.a(process.o)
                0x0000125a                process_current
                0x0000125c                process_list
 .bss           0x0000129c        0x2 contiki-sky.a(rtimer.o)
 .bss           0x0000129e      0x10a contiki-sky.a(serial-line.o)
 .bss           0x000013a8        0x2 contiki-sky.a(channel.o)
 .bss           0x000013aa        0x2 contiki-sky.a(rime.o)
 .bss           0x000013ac      0x128 contiki-sky.a(csma.o)
 .bss           0x000014d4       0xb8 contiki-sky.a(packetbuf.o)
 .bss           0x0000158c      0xc20 contiki-sky.a(queuebuf.o)
 .bss           0x000021ac       0x32 contiki-sky.a(contikimac.o)
 .bss           0x000021de        0x8 contiki-sky.a(compower.o)
 .bss           0x000021e6        0x6 contiki-sky.a(announcement.o)
 .bss           0x000021ec       0x46 contiki-sky.a(broadcast-annou)
 .bss           0x00002232        0x2 contiki-sky.a(framer-802154.o)
 .bss           0x00002234       0x40 contiki-sky.a(mac-sequence.o)
 *(.near.bss .near.bss.*)
 *(COMMON)
 COMMON         0x00002274        0x2 contiki-sky.a(contiki-sky-pla)
                0x00002274                sensors_flags
 COMMON         0x00002276        0x8 contiki-sky.a(ds2411.o)
                0x00002276                ds2411_id
 COMMON         0x0000227e        0x1 contiki-sky.a(sensors.o)
                0x0000227e                sensors_event
 *fill*         0x0000227f        0x1 00
 COMMON         0x00002280       0x10 contiki-sky.a(cc2420.o)
                0x00002280                cc2420_last_rssi
                0x00002282                cc2420_sfd_start_time
                0x00002284                cc2420_time_of_departure
                0x00002286                cc2420_time_of_arrival
                0x00002288                cc2420_last_correlation
                0x0000228a                cc2420_authority_level_of_sender
                0x0000228c                cc2420_sfd_counter
                0x0000228e                cc2420_sfd_end_time
 COMMON         0x00002290        0x2 contiki-sky.a(msp430.o)
                0x00002290                msp430_dco_required
 COMMON         0x00002292       0x56 contiki-sky.a(energest.o)
                0x00002292                energest_total_time
                0x000022c2                energest_total_count
                0x000022c4                energest_current_mode
                0x000022d0                energest_current_time
 COMMON         0x000022e8        0x1 contiki-sky.a(process.o)
                0x000022e8                process_maxevents
 COMMON         0x000022e9        0x1 contiki-sky.a(serial-line.o)
                0x000022e9                serial_line_event_message
 COMMON         0x000022ea        0x2 contiki-sky.a(linkaddr.o)
                0x000022ea                linkaddr_node_addr
 COMMON         0x000022ec       0x3c contiki-sky.a(packetbuf.o)
                0x000022ec                packetbuf_addrs
                0x000022f4                packetbuf_attrs
 COMMON         0x00002328        0x8 contiki-sky.a(compower.o)
                0x00002328                compower_idle_activity
                0x00002330                . = ALIGN (0x2)
                0x00002330                __bss_end = .
                0x000011c2                __bss_size = SIZEOF (.bss)

.noinit         0x00002330        0x2 load address 0x00008fd0
                0x00002330                . = ALIGN (0x2)
                0x00002330                __noinit_start = .
 *(.noinit .noinit.*)
 .noinit.crt0   0x00002330        0x2 /usr/local/msp430/bin/../lib/gcc/msp430/4.7.0/mmpy-16/libcrt0.a(__watchdog_support.o)
                0x00002330                __wdt_clear_value
                0x00002332                . = ALIGN (0x2)
                0x00002332                __noinit_end = .
                0x00002332                . = ALIGN (0x2)
                0x00002332                _end = .

.infomem        0x00001000        0x0
                0x00001000                . = ALIGN (0x2)
 *(.infomem .infomem.*)

.infomemnobits  0x00001000        0x0
                0x00001000                . = ALIGN (0x2)
 *(.infomemnobits .infomemnobits.*)

.infoa          0x00001080        0x0
                0x00001080                . = ALIGN (0x2)
 *(.infoa .infoa.*)

.infob          0x00001000        0x0
                0x00001000                . = ALIGN (0x2)
 *(.infob .infob.*)

.infoc          0x00000000        0x0
                0x00000000                . = ALIGN (0x2)
 *(.infoc .infoc.*)

.infod          0x00000000        0x0
                0x00000000                . = ALIGN (0x2)
 *(.infod .infod.*)

.vectors        0x0000ffe0       0x20
                0x0000ffe0                __vectors_start = .
 *(.vectors*)
 .vectors       0x0000ffe0       0x20 /usr/local/msp430/bin/../lib/gcc/msp430/4.7.0/mmpy-16/crt0ivtbl16.o
                0x0000ffe0                __ivtbl_16
                0x00010000                _vectors_end = .

.fartext        0x00000000        0x0
                0x00000000                . = ALIGN (0x2)
 *(.fartext .fartext.*)

.far.text       0x00000000        0x0
                0x00000000                . = ALIGN (0x2)
 *(.far.text .far.text.*)

.far.rodata     0x00000000        0x0
                0x00000000                . = ALIGN (0x2)
 *(.far.rodata .far.rodata.*)
                0x00000000                . = ALIGN (0x2)
                0x00000000                _efartext = .

.far.data       0x00000000        0x0
                0x00000000                . = ALIGN (0x2)
                0x00000000                __far_data_start = .
 *(.far.data .far.data.*)
                0x00000000                . = ALIGN (0x2)
                0x00000000                _efardata = .
                0x00000000                __far_data_load_start = LOADADDR (.far.data)
                0x00000000                __far_data_size = SIZEOF (.far.data)

.far.bss        0x00000000        0x0
                0x00000000                . = ALIGN (0x2)
                0x00000000                __far_bss_start = .
 *(.far.bss .far.bss.*)
                0x00000000                . = ALIGN (0x2)
                0x00000000                __far_bss_end = .
                0x00000000                __far_bss_size = SIZEOF (.far.bss)
                0x00000000                . = ALIGN (0x2)
                0x00000000                _far_end = .

.profiler
 *(.profiler)

.stab           0x00000000    0x190c8
 *(.stab)
 .stab          0x00000000     0x1230 example-abc.co
 .stab          0x00001230     0x1074 obj_sky/contiki-sky-main.o
                               0x17ac (size before relaxing)
 .stab          0x000022a4      0x24c contiki-sky.a(contiki-sky-pla)
                                0x5ac (size before relaxing)
 .stab          0x000024f0      0x468 contiki-sky.a(button-sensor.o)
                                0x7d4 (size before relaxing)
 .stab          0x00002958      0x618 contiki-sky.a(ds2411.o)
                                0xb34 (size before relaxing)
 .stab          0x00002f70      0x9d8 contiki-sky.a(xmem.o)
                                0xf00 (size before relaxing)
 .stab          0x00003948      0x2b8 contiki-sky.a(node-id.o)
                                0x4e0 (size before relaxing)
 .stab          0x00003c00      0x69c contiki-sky.a(sensors.o)
                                0xbb8 (size before relaxing)
 .stab          0x0000429c     0x22c8 contiki-sky.a(cc2420.o)
                               0x2c40 (size before relaxing)
 .stab          0x00006564      0x9cc contiki-sky.a(cc2420-arch.o)
                               0x13f8 (size before relaxing)
 .stab          0x00006f30      0x600 contiki-sky.a(uart1.o)
                                0x954 (size before relaxing)
 .stab          0x00007530      0x27c contiki-sky.a(uart1-putchar.o)
                                0x7bc (size before relaxing)
 .stab          0x000077ac      0x72c contiki-sky.a(msp430.o)
                                0xa80 (size before relaxing)
 .stab          0x00007ed8      0x930 contiki-sky.a(clock.o)
                                0xc84 (size before relaxing)
 .stab          0x00008808      0x5a0 contiki-sky.a(leds.o)
                                0x7ec (size before relaxing)
 .stab          0x00008da8      0x378 contiki-sky.a(leds-arch.o)
                                0x6cc (size before relaxing)
 .stab          0x00009120      0x3cc contiki-sky.a(watchdog.o)
                                0x720 (size before relaxing)
 .stab          0x000094ec      0x3b4 contiki-sky.a(rtimer-arch.o)
                                0x708 (size before relaxing)
 .stab          0x000098a0      0x294 contiki-sky.a(autostart.o)
                                0x534 (size before relaxing)
 .stab          0x00009b34      0x78c contiki-sky.a(ctimer.o)
                                0xaf8 (size before relaxing)
 .stab          0x0000a2c0      0x474 contiki-sky.a(energest.o)
                                0x6fc (size before relaxing)
 .stab          0x0000a734      0x9fc contiki-sky.a(etimer.o)
                                0xccc (size before relaxing)
 .stab          0x0000b130      0xb70 contiki-sky.a(process.o)
                               0x1008 (size before relaxing)
 .stab          0x0000bca0      0x3cc contiki-sky.a(rtimer.o)
                                0x6b4 (size before relaxing)
 .stab          0x0000c06c      0x348 contiki-sky.a(timer.o)
                                0x588 (size before relaxing)
 .stab          0x0000c3b4      0x51c contiki-sky.a(serial-line.o)
                                0xa38 (size before relaxing)
 .stab          0x0000c8d0      0x7bc contiki-sky.a(list.o)
                                0x7c8 (size before relaxing)
 .stab          0x0000d08c      0x240 contiki-sky.a(random.o)
                                0x618 (size before relaxing)
 .stab          0x0000d2cc      0x3f0 contiki-sky.a(ringbuf.o)
                                0x630 (size before relaxing)
 .stab          0x0000d6bc      0x660 contiki-sky.a(abc.o)
                               0x1494 (size before relaxing)
 .stab          0x0000dd1c      0x654 contiki-sky.a(channel.o)
                               0x1278 (size before relaxing)
 .stab          0x0000e370      0xcb4 contiki-sky.a(rime.o)
                               0x13f8 (size before relaxing)
 .stab          0x0000f024      0xdec contiki-sky.a(csma.o)
                               0x159c (size before relaxing)
 .stab          0x0000fe10      0x1f8 contiki-sky.a(mac.o)
                                0x4ec (size before relaxing)
 .stab          0x00010008      0x2ac contiki-sky.a(linkaddr.o)
                                0x6a8 (size before relaxing)
 .stab          0x000102b4      0xd74 contiki-sky.a(packetbuf.o)
                               0x1bc0 (size before relaxing)
 .stab          0x00011028      0xa38 contiki-sky.a(queuebuf.o)
                               0x186c (size before relaxing)
 .stab          0x00011a60     0x17ac contiki-sky.a(contikimac.o)
                               0x23b8 (size before relaxing)
 .stab          0x0001320c      0x6d8 contiki-sky.a(contikimac-fram)
                                0xf18 (size before relaxing)
 .stab          0x000138e4      0x684 contiki-sky.a(nullsec.o)
                                0xd80 (size before relaxing)
 .stab          0x00013f68      0x1f8 contiki-sky.a(spi.o)
                                0x420 (size before relaxing)
 .stab          0x00014160      0x4ec contiki-sky.a(compower.o)
                                0xcf0 (size before relaxing)
 .stab          0x0001464c      0x5c4 contiki-sky.a(memb.o)
                                0xaf8 (size before relaxing)
 .stab          0x00014c10      0x6b4 contiki-sky.a(announcement.o)
                                0x954 (size before relaxing)
 .stab          0x000152c4      0x948 contiki-sky.a(broadcast-annou)
                               0x15c0 (size before relaxing)
 .stab          0x00015c0c      0x6cc contiki-sky.a(broadcast.o)
                               0x1500 (size before relaxing)
 .stab          0x000162d8      0x588 contiki-sky.a(chameleon.o)
                               0x1230 (size before relaxing)
 .stab          0x00016860      0x918 contiki-sky.a(framer-802154.o)
                                0xf54 (size before relaxing)
 .stab          0x00017178      0x318 contiki-sky.a(framer.o)
                                0xc54 (size before relaxing)
 .stab          0x00017490      0x600 contiki-sky.a(mac-sequence.o)
                               0x144c (size before relaxing)
 .stab          0x00017a90      0xd44 contiki-sky.a(chameleon-bitop)
                               0x19bc (size before relaxing)
 .stab          0x000187d4      0x8f4 contiki-sky.a(frame802154.o)
                               0x10c8 (size before relaxing)

.stabstr        0x00000000    0x1577f
 *(.stabstr)
 .stabstr       0x00000000    0x1577f example-abc.co

.stab.excl
 *(.stab.excl)

.stab.exclstr
 *(.stab.exclstr)

.stab.index
 *(.stab.index)

.stab.indexstr
 *(.stab.indexstr)

.comment        0x00000000       0x30
 *(.comment)
 .comment       0x00000000       0x30 example-abc.co
                                 0x31 (size before relaxing)
 .comment       0x00000000       0x31 obj_sky/contiki-sky-main.o
 .comment       0x00000000       0x31 contiki-sky.a(contiki-sky-pla)
 .comment       0x00000000       0x31 contiki-sky.a(button-sensor.o)
 .comment       0x00000000       0x31 contiki-sky.a(ds2411.o)
 .comment       0x00000000       0x31 contiki-sky.a(xmem.o)
 .comment       0x00000000       0x31 contiki-sky.a(node-id.o)
 .comment       0x00000000       0x31 contiki-sky.a(sensors.o)
 .comment       0x00000000       0x31 contiki-sky.a(cc2420.o)
 .comment       0x00000000       0x31 contiki-sky.a(cc2420-arch.o)
 .comment       0x00000000       0x31 contiki-sky.a(uart1.o)
 .comment       0x00000000       0x31 contiki-sky.a(uart1-putchar.o)
 .comment       0x00000000       0x31 contiki-sky.a(msp430.o)
 .comment       0x00000000       0x31 contiki-sky.a(clock.o)
 .comment       0x00000000       0x31 contiki-sky.a(leds.o)
 .comment       0x00000000       0x31 contiki-sky.a(leds-arch.o)
 .comment       0x00000000       0x31 contiki-sky.a(watchdog.o)
 .comment       0x00000000       0x31 contiki-sky.a(rtimer-arch.o)
 .comment       0x00000000       0x31 contiki-sky.a(autostart.o)
 .comment       0x00000000       0x31 contiki-sky.a(ctimer.o)
 .comment       0x00000000       0x31 contiki-sky.a(energest.o)
 .comment       0x00000000       0x31 contiki-sky.a(etimer.o)
 .comment       0x00000000       0x31 contiki-sky.a(process.o)
 .comment       0x00000000       0x31 contiki-sky.a(rtimer.o)
 .comment       0x00000000       0x31 contiki-sky.a(timer.o)
 .comment       0x00000000       0x31 contiki-sky.a(serial-line.o)
 .comment       0x00000000       0x31 contiki-sky.a(list.o)
 .comment       0x00000000       0x31 contiki-sky.a(random.o)
 .comment       0x00000000       0x31 contiki-sky.a(ringbuf.o)
 .comment       0x00000000       0x31 contiki-sky.a(abc.o)
 .comment       0x00000000       0x31 contiki-sky.a(channel.o)
 .comment       0x00000000       0x31 contiki-sky.a(rime.o)
 .comment       0x00000000       0x31 contiki-sky.a(csma.o)
 .comment       0x00000000       0x31 contiki-sky.a(mac.o)
 .comment       0x00000000       0x31 contiki-sky.a(linkaddr.o)
 .comment       0x00000000       0x31 contiki-sky.a(packetbuf.o)
 .comment       0x00000000       0x31 contiki-sky.a(queuebuf.o)
 .comment       0x00000000       0x31 contiki-sky.a(contikimac.o)
 .comment       0x00000000       0x31 contiki-sky.a(contikimac-fram)
 .comment       0x00000000       0x31 contiki-sky.a(nullsec.o)
 .comment       0x00000000       0x31 contiki-sky.a(spi.o)
 .comment       0x00000000       0x31 contiki-sky.a(compower.o)
 .comment       0x00000000       0x31 contiki-sky.a(memb.o)
 .comment       0x00000000       0x31 contiki-sky.a(announcement.o)
 .comment       0x00000000       0x31 contiki-sky.a(broadcast-annou)
 .comment       0x00000000       0x31 contiki-sky.a(broadcast.o)
 .comment       0x00000000       0x31 contiki-sky.a(chameleon.o)
 .comment       0x00000000       0x31 contiki-sky.a(framer-802154.o)
 .comment       0x00000000       0x31 contiki-sky.a(framer.o)
 .comment       0x00000000       0x31 contiki-sky.a(mac-sequence.o)
 .comment       0x00000000       0x31 contiki-sky.a(chameleon-bitop)
 .comment       0x00000000       0x31 contiki-sky.a(frame802154.o)
 .comment       0x00000000       0x31 /usr/local/msp430/bin/../lib/gcc/msp430/4.7.0/../../../../msp430/lib/mmpy-16/libc.a(printf.o)
 .comment       0x00000000       0x31 /usr/local/msp430/bin/../lib/gcc/msp430/4.7.0/../../../../msp430/lib/mmpy-16/libc.a(vuprintf.o)
 .comment       0x00000000       0x31 /usr/local/msp430/bin/../lib/gcc/msp430/4.7.0/../../../../msp430/lib/mmpy-16/libc.a(puts.o)
 .comment       0x00000000       0x31 /usr/local/msp430/bin/../lib/gcc/msp430/4.7.0/../../../../msp430/lib/mmpy-16/libc.a(rand.o)
 .comment       0x00000000       0x31 /usr/local/msp430/bin/../lib/gcc/msp430/4.7.0/../../../../msp430/lib/mmpy-16/libc.a(memcmp.o)
 .comment       0x00000000       0x31 /usr/local/msp430/bin/../lib/gcc/msp430/4.7.0/../../../../msp430/lib/mmpy-16/libc.a(memcpy.o)
 .comment       0x00000000       0x31 /usr/local/msp430/bin/../lib/gcc/msp430/4.7.0/../../../../msp430/lib/mmpy-16/libc.a(memset.o)

.debug
 *(.debug)

.line
 *(.line)

.debug_srcinfo
 *(.debug_srcinfo)

.debug_sfnames
 *(.debug_sfnames)

.debug_aranges  0x00000000      0x178
 *(.debug_aranges)
 .debug_aranges
                0x00000000       0x14 /usr/local/msp430/bin/../lib/gcc/msp430/4.7.0/mmpy-16/crt0ivtbl16.o
 .debug_aranges
                0x00000014       0x14 /usr/local/msp430/bin/../lib/gcc/msp430/4.7.0/mmpy-16/libgcc.a(_mulsi3.o)
 .debug_aranges
                0x00000028       0x14 /usr/local/msp430/bin/../lib/gcc/msp430/4.7.0/mmpy-16/libgcc.a(_udivmod32.o)
 .debug_aranges
                0x0000003c       0x18 /usr/local/msp430/bin/../lib/gcc/msp430/4.7.0/../../../../msp430/lib/mmpy-16/libc.a(printf.o)
 .debug_aranges
                0x00000054       0x18 /usr/local/msp430/bin/../lib/gcc/msp430/4.7.0/../../../../msp430/lib/mmpy-16/libc.a(vuprintf.o)
 .debug_aranges
                0x0000006c       0x14 /usr/local/msp430/bin/../lib/gcc/msp430/4.7.0/../../../../msp430/lib/mmpy-16/libc.a(puts.o)
 .debug_aranges
                0x00000080       0x1c /usr/local/msp430/bin/../lib/gcc/msp430/4.7.0/../../../../msp430/lib/mmpy-16/libc.a(rand.o)
 .debug_aranges
                0x0000009c       0x14 /usr/local/msp430/bin/../lib/gcc/msp430/4.7.0/../../../../msp430/lib/mmpy-16/libc.a(memcmp.o)
 .debug_aranges
                0x000000b0       0x14 /usr/local/msp430/bin/../lib/gcc/msp430/4.7.0/../../../../msp430/lib/mmpy-16/libc.a(memcpy.o)
 .debug_aranges
                0x000000c4       0x14 /usr/local/msp430/bin/../lib/gcc/msp430/4.7.0/../../../../msp430/lib/mmpy-16/libc.a(memset.o)
 .debug_aranges
                0x000000d8       0x14 /usr/local/msp430/bin/../lib/gcc/msp430/4.7.0/mmpy-16/libgcc.a(_udivmod16.o)
 .debug_aranges
                0x000000ec       0x14 /usr/local/msp430/bin/../lib/gcc/msp430/4.7.0/mmpy-16/libgcc.a(_udivmod64.o)
 .debug_aranges
                0x00000100       0x14 /usr/local/msp430/bin/../lib/gcc/msp430/4.7.0/mmpy-16/libcrt0.a(__watchdog_support.o)
 .debug_aranges
                0x00000114       0x14 /usr/local/msp430/bin/../lib/gcc/msp430/4.7.0/mmpy-16/libcrt0.a(__init_stack.o)
 .debug_aranges
                0x00000128       0x14 /usr/local/msp430/bin/../lib/gcc/msp430/4.7.0/mmpy-16/libcrt0.a(_copy_data.o)
 .debug_aranges
                0x0000013c       0x14 /usr/local/msp430/bin/../lib/gcc/msp430/4.7.0/mmpy-16/libcrt0.a(_clear_bss.o)
 .debug_aranges
                0x00000150       0x14 /usr/local/msp430/bin/../lib/gcc/msp430/4.7.0/mmpy-16/libcrt0.a(_endless_loop__.o)
 .debug_aranges
                0x00000164       0x14 /usr/local/msp430/bin/../lib/gcc/msp430/4.7.0/mmpy-16/libcrt0.a(_unexpected_.o)

.debug_pubnames
 *(.debug_pubnames)

.debug_info     0x00000000     0x12f6
 *(.debug_info)
 .debug_info    0x00000000       0x9b /usr/local/msp430/bin/../lib/gcc/msp430/4.7.0/mmpy-16/crt0ivtbl16.o
 .debug_info    0x0000009b       0x98 /usr/local/msp430/bin/../lib/gcc/msp430/4.7.0/mmpy-16/libgcc.a(_mulsi3.o)
 .debug_info    0x00000133       0x98 /usr/local/msp430/bin/../lib/gcc/msp430/4.7.0/mmpy-16/libgcc.a(_udivmod32.o)
 .debug_info    0x000001cb      0x16e /usr/local/msp430/bin/../lib/gcc/msp430/4.7.0/../../../../msp430/lib/mmpy-16/libc.a(printf.o)
 .debug_info    0x00000339      0x5d4 /usr/local/msp430/bin/../lib/gcc/msp430/4.7.0/../../../../msp430/lib/mmpy-16/libc.a(vuprintf.o)
 .debug_info    0x0000090d       0xc7 /usr/local/msp430/bin/../lib/gcc/msp430/4.7.0/../../../../msp430/lib/mmpy-16/libc.a(puts.o)
 .debug_info    0x000009d4      0x146 /usr/local/msp430/bin/../lib/gcc/msp430/4.7.0/../../../../msp430/lib/mmpy-16/libc.a(rand.o)
 .debug_info    0x00000b1a       0xe5 /usr/local/msp430/bin/../lib/gcc/msp430/4.7.0/../../../../msp430/lib/mmpy-16/libc.a(memcmp.o)
 .debug_info    0x00000bff      0x12c /usr/local/msp430/bin/../lib/gcc/msp430/4.7.0/../../../../msp430/lib/mmpy-16/libc.a(memcpy.o)
 .debug_info    0x00000d2b      0x117 /usr/local/msp430/bin/../lib/gcc/msp430/4.7.0/../../../../msp430/lib/mmpy-16/libc.a(memset.o)
 .debug_info    0x00000e42       0x98 /usr/local/msp430/bin/../lib/gcc/msp430/4.7.0/mmpy-16/libgcc.a(_udivmod16.o)
 .debug_info    0x00000eda       0x98 /usr/local/msp430/bin/../lib/gcc/msp430/4.7.0/mmpy-16/libgcc.a(_udivmod64.o)
 .debug_info    0x00000f72       0x96 /usr/local/msp430/bin/../lib/gcc/msp430/4.7.0/mmpy-16/libcrt0.a(__watchdog_support.o)
 .debug_info    0x00001008       0x96 /usr/local/msp430/bin/../lib/gcc/msp430/4.7.0/mmpy-16/libcrt0.a(__init_stack.o)
 .debug_info    0x0000109e       0x96 /usr/local/msp430/bin/../lib/gcc/msp430/4.7.0/mmpy-16/libcrt0.a(_copy_data.o)
 .debug_info    0x00001134       0x96 /usr/local/msp430/bin/../lib/gcc/msp430/4.7.0/mmpy-16/libcrt0.a(_clear_bss.o)
 .debug_info    0x000011ca       0x96 /usr/local/msp430/bin/../lib/gcc/msp430/4.7.0/mmpy-16/libcrt0.a(_endless_loop__.o)
 .debug_info    0x00001260       0x96 /usr/local/msp430/bin/../lib/gcc/msp430/4.7.0/mmpy-16/libcrt0.a(_unexpected_.o)
 *(.gnu.linkonce.wi.*)

.debug_abbrev   0x00000000      0x79c
 *(.debug_abbrev)
 .debug_abbrev  0x00000000       0x14 /usr/local/msp430/bin/../lib/gcc/msp430/4.7.0/mmpy-16/crt0ivtbl16.o
 .debug_abbrev  0x00000014       0x14 /usr/local/msp430/bin/../lib/gcc/msp430/4.7.0/mmpy-16/libgcc.a(_mulsi3.o)
 .debug_abbrev  0x00000028       0x14 /usr/local/msp430/bin/../lib/gcc/msp430/4.7.0/mmpy-16/libgcc.a(_udivmod32.o)
 .debug_abbrev  0x0000003c       0xfa /usr/local/msp430/bin/../lib/gcc/msp430/4.7.0/../../../../msp430/lib/mmpy-16/libc.a(printf.o)
 .debug_abbrev  0x00000136      0x23e /usr/local/msp430/bin/../lib/gcc/msp430/4.7.0/../../../../msp430/lib/mmpy-16/libc.a(vuprintf.o)
 .debug_abbrev  0x00000374       0xa3 /usr/local/msp430/bin/../lib/gcc/msp430/4.7.0/../../../../msp430/lib/mmpy-16/libc.a(puts.o)
 .debug_abbrev  0x00000417       0xfb /usr/local/msp430/bin/../lib/gcc/msp430/4.7.0/../../../../msp430/lib/mmpy-16/libc.a(rand.o)
 .debug_abbrev  0x00000512       0x9e /usr/local/msp430/bin/../lib/gcc/msp430/4.7.0/../../../../msp430/lib/mmpy-16/libc.a(memcmp.o)
 .debug_abbrev  0x000005b0       0xab /usr/local/msp430/bin/../lib/gcc/msp430/4.7.0/../../../../msp430/lib/mmpy-16/libc.a(memcpy.o)
 .debug_abbrev  0x0000065b       0xa1 /usr/local/msp430/bin/../lib/gcc/msp430/4.7.0/../../../../msp430/lib/mmpy-16/libc.a(memset.o)
 .debug_abbrev  0x000006fc       0x14 /usr/local/msp430/bin/../lib/gcc/msp430/4.7.0/mmpy-16/libgcc.a(_udivmod16.o)
 .debug_abbrev  0x00000710       0x14 /usr/local/msp430/bin/../lib/gcc/msp430/4.7.0/mmpy-16/libgcc.a(_udivmod64.o)
 .debug_abbrev  0x00000724       0x14 /usr/local/msp430/bin/../lib/gcc/msp430/4.7.0/mmpy-16/libcrt0.a(__watchdog_support.o)
 .debug_abbrev  0x00000738       0x14 /usr/local/msp430/bin/../lib/gcc/msp430/4.7.0/mmpy-16/libcrt0.a(__init_stack.o)
 .debug_abbrev  0x0000074c       0x14 /usr/local/msp430/bin/../lib/gcc/msp430/4.7.0/mmpy-16/libcrt0.a(_copy_data.o)
 .debug_abbrev  0x00000760       0x14 /usr/local/msp430/bin/../lib/gcc/msp430/4.7.0/mmpy-16/libcrt0.a(_clear_bss.o)
 .debug_abbrev  0x00000774       0x14 /usr/local/msp430/bin/../lib/gcc/msp430/4.7.0/mmpy-16/libcrt0.a(_endless_loop__.o)
 .debug_abbrev  0x00000788       0x14 /usr/local/msp430/bin/../lib/gcc/msp430/4.7.0/mmpy-16/libcrt0.a(_unexpected_.o)

.debug_line     0x00000000      0xbfb
 *(.debug_line)
 .debug_line    0x00000000       0x64 /usr/local/msp430/bin/../lib/gcc/msp430/4.7.0/mmpy-16/crt0ivtbl16.o
 .debug_line    0x00000064       0x77 /usr/local/msp430/bin/../lib/gcc/msp430/4.7.0/mmpy-16/libgcc.a(_mulsi3.o)
 .debug_line    0x000000db       0x7f /usr/local/msp430/bin/../lib/gcc/msp430/4.7.0/mmpy-16/libgcc.a(_udivmod32.o)
 .debug_line    0x0000015a       0xa9 /usr/local/msp430/bin/../lib/gcc/msp430/4.7.0/../../../../msp430/lib/mmpy-16/libc.a(printf.o)
 .debug_line    0x00000203      0x30a /usr/local/msp430/bin/../lib/gcc/msp430/4.7.0/../../../../msp430/lib/mmpy-16/libc.a(vuprintf.o)
 .debug_line    0x0000050d       0x65 /usr/local/msp430/bin/../lib/gcc/msp430/4.7.0/../../../../msp430/lib/mmpy-16/libc.a(puts.o)
 .debug_line    0x00000572       0x68 /usr/local/msp430/bin/../lib/gcc/msp430/4.7.0/../../../../msp430/lib/mmpy-16/libc.a(rand.o)
 .debug_line    0x000005da       0x8f /usr/local/msp430/bin/../lib/gcc/msp430/4.7.0/../../../../msp430/lib/mmpy-16/libc.a(memcmp.o)
 .debug_line    0x00000669      0x118 /usr/local/msp430/bin/../lib/gcc/msp430/4.7.0/../../../../msp430/lib/mmpy-16/libc.a(memcpy.o)
 .debug_line    0x00000781       0xf2 /usr/local/msp430/bin/../lib/gcc/msp430/4.7.0/../../../../msp430/lib/mmpy-16/libc.a(memset.o)
 .debug_line    0x00000873       0x70 /usr/local/msp430/bin/../lib/gcc/msp430/4.7.0/mmpy-16/libgcc.a(_udivmod16.o)
 .debug_line    0x000008e3       0xc9 /usr/local/msp430/bin/../lib/gcc/msp430/4.7.0/mmpy-16/libgcc.a(_udivmod64.o)
 .debug_line    0x000009ac       0x62 /usr/local/msp430/bin/../lib/gcc/msp430/4.7.0/mmpy-16/libcrt0.a(__watchdog_support.o)
 .debug_line    0x00000a0e       0x60 /usr/local/msp430/bin/../lib/gcc/msp430/4.7.0/mmpy-16/libcrt0.a(__init_stack.o)
 .debug_line    0x00000a6e       0x66 /usr/local/msp430/bin/../lib/gcc/msp430/4.7.0/mmpy-16/libcrt0.a(_copy_data.o)
 .debug_line    0x00000ad4       0x66 /usr/local/msp430/bin/../lib/gcc/msp430/4.7.0/mmpy-16/libcrt0.a(_clear_bss.o)
 .debug_line    0x00000b3a       0x61 /usr/local/msp430/bin/../lib/gcc/msp430/4.7.0/mmpy-16/libcrt0.a(_endless_loop__.o)
 .debug_line    0x00000b9b       0x60 /usr/local/msp430/bin/../lib/gcc/msp430/4.7.0/mmpy-16/libcrt0.a(_unexpected_.o)

.debug_frame    0x00000000      0x1b6
 *(.debug_frame)
 .debug_frame   0x00000000       0x2a /usr/local/msp430/bin/../lib/gcc/msp430/4.7.0/../../../../msp430/lib/mmpy-16/libc.a(printf.o)
 .debug_frame   0x0000002a       0xa0 /usr/local/msp430/bin/../lib/gcc/msp430/4.7.0/../../../../msp430/lib/mmpy-16/libc.a(vuprintf.o)
 .debug_frame   0x000000ca       0x24 /usr/local/msp430/bin/../lib/gcc/msp430/4.7.0/../../../../msp430/lib/mmpy-16/libc.a(puts.o)
 .debug_frame   0x000000ee       0x3c /usr/local/msp430/bin/../lib/gcc/msp430/4.7.0/../../../../msp430/lib/mmpy-16/libc.a(rand.o)
 .debug_frame   0x0000012a       0x28 /usr/local/msp430/bin/../lib/gcc/msp430/4.7.0/../../../../msp430/lib/mmpy-16/libc.a(memcmp.o)
 .debug_frame   0x00000152       0x32 /usr/local/msp430/bin/../lib/gcc/msp430/4.7.0/../../../../msp430/lib/mmpy-16/libc.a(memcpy.o)
 .debug_frame   0x00000184       0x32 /usr/local/msp430/bin/../lib/gcc/msp430/4.7.0/../../../../msp430/lib/mmpy-16/libc.a(memset.o)

.debug_str      0x00000000      0x3d6
 *(.debug_str)
 .debug_str     0x00000000       0xee /usr/local/msp430/bin/../lib/gcc/msp430/4.7.0/../../../../msp430/lib/mmpy-16/libc.a(printf.o)
                                0x136 (size before relaxing)
 .debug_str     0x000000ee      0x218 /usr/local/msp430/bin/../lib/gcc/msp430/4.7.0/../../../../msp430/lib/mmpy-16/libc.a(vuprintf.o)
                                0x381 (size before relaxing)
 .debug_str     0x00000306       0x1d /usr/local/msp430/bin/../lib/gcc/msp430/4.7.0/../../../../msp430/lib/mmpy-16/libc.a(puts.o)
                                 0xfb (size before relaxing)
 .debug_str     0x00000323       0x2f /usr/local/msp430/bin/../lib/gcc/msp430/4.7.0/../../../../msp430/lib/mmpy-16/libc.a(rand.o)
                                0x112 (size before relaxing)
 .debug_str     0x00000352       0x20 /usr/local/msp430/bin/../lib/gcc/msp430/4.7.0/../../../../msp430/lib/mmpy-16/libc.a(memcmp.o)
                                 0xfe (size before relaxing)
 .debug_str     0x00000372       0x3e /usr/local/msp430/bin/../lib/gcc/msp430/4.7.0/../../../../msp430/lib/mmpy-16/libc.a(memcpy.o)
                                0x12c (size before relaxing)
 .debug_str     0x000003b0       0x26 /usr/local/msp430/bin/../lib/gcc/msp430/4.7.0/../../../../msp430/lib/mmpy-16/libc.a(memset.o)
                                0x12a (size before relaxing)

.debug_loc      0x00000000      0xbcc
 *(.debug_loc)
 .debug_loc     0x00000000       0x4c /usr/local/msp430/bin/../lib/gcc/msp430/4.7.0/../../../../msp430/lib/mmpy-16/libc.a(printf.o)
 .debug_loc     0x0000004c      0x7fa /usr/local/msp430/bin/../lib/gcc/msp430/4.7.0/../../../../msp430/lib/mmpy-16/libc.a(vuprintf.o)
 .debug_loc     0x00000846       0x26 /usr/local/msp430/bin/../lib/gcc/msp430/4.7.0/../../../../msp430/lib/mmpy-16/libc.a(puts.o)
 .debug_loc     0x0000086c       0x4f /usr/local/msp430/bin/../lib/gcc/msp430/4.7.0/../../../../msp430/lib/mmpy-16/libc.a(rand.o)
 .debug_loc     0x000008bb       0x4d /usr/local/msp430/bin/../lib/gcc/msp430/4.7.0/../../../../msp430/lib/mmpy-16/libc.a(memcmp.o)
 .debug_loc     0x00000908      0x1e3 /usr/local/msp430/bin/../lib/gcc/msp430/4.7.0/../../../../msp430/lib/mmpy-16/libc.a(memcpy.o)
 .debug_loc     0x00000aeb       0xe1 /usr/local/msp430/bin/../lib/gcc/msp430/4.7.0/../../../../msp430/lib/mmpy-16/libc.a(memset.o)

.debug_macinfo
 *(.debug_macinfo)

.debug_pubtypes
 *(.debug_pubtypes)

.debug_ranges   0x00000000       0x60
 *(.debug_ranges)
 .debug_ranges  0x00000000        0xc /usr/local/msp430/bin/../lib/gcc/msp430/4.7.0/../../../../msp430/lib/mmpy-16/libc.a(printf.o)
 .debug_ranges  0x0000000c       0x24 /usr/local/msp430/bin/../lib/gcc/msp430/4.7.0/../../../../msp430/lib/mmpy-16/libc.a(vuprintf.o)
 .debug_ranges  0x00000030        0x8 /usr/local/msp430/bin/../lib/gcc/msp430/4.7.0/../../../../msp430/lib/mmpy-16/libc.a(puts.o)
 .debug_ranges  0x00000038       0x10 /usr/local/msp430/bin/../lib/gcc/msp430/4.7.0/../../../../msp430/lib/mmpy-16/libc.a(rand.o)
 .debug_ranges  0x00000048        0x8 /usr/local/msp430/bin/../lib/gcc/msp430/4.7.0/../../../../msp430/lib/mmpy-16/libc.a(memcmp.o)
 .debug_ranges  0x00000050        0x8 /usr/local/msp430/bin/../lib/gcc/msp430/4.7.0/../../../../msp430/lib/mmpy-16/libc.a(memcpy.o)
 .debug_ranges  0x00000058        0x8 /usr/local/msp430/bin/../lib/gcc/msp430/4.7.0/../../../../msp430/lib/mmpy-16/libc.a(memset.o)
                0x00003900                PROVIDE (__stack, (ORIGIN (ram) + 0x2800))
                0x00008f62                __data_start_rom = _etext
                0x00008fd0                __data_end_rom = (_etext + SIZEOF (.data))
OUTPUT(example-abc.sky elf32-msp430)
