Archive member included to satisfy reference by file (symbol)

contiki-native.a(contiki-main.o)
                              /usr/lib/gcc/i686-linux-gnu/4.8/../../../i386-linux-gnu/crt1.o (main)
contiki-native.a(button-sensor.o)
                              contiki-native.a(contiki-main.o) (button_sensor)
contiki-native.a(pir-sensor.o)
                              contiki-native.a(contiki-main.o) (pir_sensor)
contiki-native.a(vib-sensor.o)
                              contiki-native.a(contiki-main.o) (vib_sensor)
contiki-native.a(sensors.o)   contiki-native.a(button-sensor.o) (sensors_changed)
contiki-native.a(autostart.o)
                              contiki-native.a(contiki-main.o) (autostart_start)
contiki-native.a(ctimer.o)    contiki-native.a(contiki-main.o) (ctimer_init)
contiki-native.a(etimer.o)    contiki-native.a(contiki-main.o) (etimer_request_poll)
contiki-native.a(process.o)   contiki-native.a(ctimer.o) (process_current)
contiki-native.a(rtimer.o)    contiki-native.a(contiki-main.o) (rtimer_init)
contiki-native.a(timer.o)     contiki-native.a(etimer.o) (timer_set)
contiki-native.a(serial-line.o)
                              contiki-native.a(contiki-main.o) (serial_line_input_byte)
contiki-native.a(list.o)      contiki-native.a(ctimer.o) (list_init)
contiki-native.a(random.o)    example-abc.co (random_rand)
contiki-native.a(ringbuf.o)   contiki-native.a(serial-line.o) (ringbuf_init)
contiki-native.a(abc.o)       example-abc.co (abc_open)
contiki-native.a(channel.o)   contiki-native.a(abc.o) (channel_open)
contiki-native.a(rime.o)      contiki-native.a(abc.o) (rime_output)
contiki-native.a(linkaddr.o)  contiki-native.a(contiki-main.o) (linkaddr_set_node_addr)
contiki-native.a(netstack.o)  contiki-native.a(contiki-main.o) (netstack_init)
contiki-native.a(packetbuf.o)
                              contiki-native.a(rime.o) (packetbuf_compact)
contiki-native.a(queuebuf.o)  contiki-native.a(rime.o) (queuebuf_init)
contiki-native.a(nullmac.o)   contiki-native.a(contiki-main.o) (nullmac_driver)
contiki-native.a(nullrdc.o)   contiki-native.a(contiki-main.o) (nullrdc_driver)
contiki-native.a(nullsec.o)   contiki-native.a(rime.o) (nullsec_driver)
contiki-native.a(clock.o)     contiki-native.a(etimer.o) (clock_time)
contiki-native.a(rtimer-arch.o)
                              contiki-native.a(rtimer.o) (rtimer_arch_init)
contiki-native.a(nullradio.o)
                              contiki-native.a(netstack.o) (nullradio_driver)
contiki-native.a(memb.o)      contiki-native.a(queuebuf.o) (memb_init)
contiki-native.a(announcement.o)
                              contiki-native.a(rime.o) (announcement_init)
contiki-native.a(broadcast-annou)
                              contiki-native.a(rime.o) (broadcast_announcement_init)
contiki-native.a(broadcast.o)
                              contiki-native.a(broadcast-annou) (broadcast_open)
contiki-native.a(chameleon.o)
                              contiki-native.a(rime.o) (chameleon_init)
contiki-native.a(framer-nullmac.)
                              contiki-native.a(nullrdc.o) (framer_nullmac)
contiki-native.a(mac.o)       contiki-native.a(nullrdc.o) (mac_call_sent_callback)
contiki-native.a(chameleon-bitop)
                              contiki-native.a(chameleon.o) (chameleon_bitopt)
contiki-native.a(framer.o)    contiki-native.a(framer-nullmac.) (framer_canonical_create_and_secure)
/usr/lib/i386-linux-gnu/libc_nonshared.a(elf-init.oS)
                              /usr/lib/gcc/i686-linux-gnu/4.8/../../../i386-linux-gnu/crt1.o (__libc_csu_init)

Allocating common symbols
Common symbol       size              file

linkaddr_node_addr  0x2               contiki-native.a(linkaddr.o)
serial_line_event_message
                    0x1               contiki-native.a(serial-line.o)
packetbuf_attrs     0x34              contiki-native.a(packetbuf.o)
contiki_argv        0x4               contiki-native.a(contiki-main.o)
sensors_event       0x1               contiki-native.a(sensors.o)
packetbuf_addrs     0x8               contiki-native.a(packetbuf.o)
sensors_flags       0x4               contiki-native.a(contiki-main.o)

Discarded input sections

 .note.GNU-stack
                0x0000000000000000        0x0 /usr/lib/gcc/i686-linux-gnu/4.8/../../../i386-linux-gnu/crt1.o
 .gnu_debuglink
                0x0000000000000000        0xc /usr/lib/gcc/i686-linux-gnu/4.8/../../../i386-linux-gnu/crt1.o
 .note.GNU-stack
                0x0000000000000000        0x0 /usr/lib/gcc/i686-linux-gnu/4.8/../../../i386-linux-gnu/crti.o
 .gnu_debuglink
                0x0000000000000000        0xc /usr/lib/gcc/i686-linux-gnu/4.8/../../../i386-linux-gnu/crti.o
 .note.GNU-stack
                0x0000000000000000        0x0 /usr/lib/gcc/i686-linux-gnu/4.8/crtbegin.o
 .note.GNU-stack
                0x0000000000000000        0x0 example-abc.co
 .note.GNU-stack
                0x0000000000000000        0x0 contiki-native.a(contiki-main.o)
 .note.GNU-stack
                0x0000000000000000        0x0 contiki-native.a(button-sensor.o)
 .note.GNU-stack
                0x0000000000000000        0x0 contiki-native.a(pir-sensor.o)
 .note.GNU-stack
                0x0000000000000000        0x0 contiki-native.a(vib-sensor.o)
 .note.GNU-stack
                0x0000000000000000        0x0 contiki-native.a(sensors.o)
 .note.GNU-stack
                0x0000000000000000        0x0 contiki-native.a(autostart.o)
 .note.GNU-stack
                0x0000000000000000        0x0 contiki-native.a(ctimer.o)
 .note.GNU-stack
                0x0000000000000000        0x0 contiki-native.a(etimer.o)
 .note.GNU-stack
                0x0000000000000000        0x0 contiki-native.a(process.o)
 .note.GNU-stack
                0x0000000000000000        0x0 contiki-native.a(rtimer.o)
 .note.GNU-stack
                0x0000000000000000        0x0 contiki-native.a(timer.o)
 .note.GNU-stack
                0x0000000000000000        0x0 contiki-native.a(serial-line.o)
 .note.GNU-stack
                0x0000000000000000        0x0 contiki-native.a(list.o)
 .note.GNU-stack
                0x0000000000000000        0x0 contiki-native.a(random.o)
 .note.GNU-stack
                0x0000000000000000        0x0 contiki-native.a(ringbuf.o)
 .note.GNU-stack
                0x0000000000000000        0x0 contiki-native.a(abc.o)
 .note.GNU-stack
                0x0000000000000000        0x0 contiki-native.a(channel.o)
 .note.GNU-stack
                0x0000000000000000        0x0 contiki-native.a(rime.o)
 .note.GNU-stack
                0x0000000000000000        0x0 contiki-native.a(linkaddr.o)
 .note.GNU-stack
                0x0000000000000000        0x0 contiki-native.a(netstack.o)
 .note.GNU-stack
                0x0000000000000000        0x0 contiki-native.a(packetbuf.o)
 .note.GNU-stack
                0x0000000000000000        0x0 contiki-native.a(queuebuf.o)
 .note.GNU-stack
                0x0000000000000000        0x0 contiki-native.a(nullmac.o)
 .note.GNU-stack
                0x0000000000000000        0x0 contiki-native.a(nullrdc.o)
 .note.GNU-stack
                0x0000000000000000        0x0 contiki-native.a(nullsec.o)
 .note.GNU-stack
                0x0000000000000000        0x0 contiki-native.a(clock.o)
 .note.GNU-stack
                0x0000000000000000        0x0 contiki-native.a(rtimer-arch.o)
 .note.GNU-stack
                0x0000000000000000        0x0 contiki-native.a(nullradio.o)
 .note.GNU-stack
                0x0000000000000000        0x0 contiki-native.a(memb.o)
 .note.GNU-stack
                0x0000000000000000        0x0 contiki-native.a(announcement.o)
 .note.GNU-stack
                0x0000000000000000        0x0 contiki-native.a(broadcast-annou)
 .note.GNU-stack
                0x0000000000000000        0x0 contiki-native.a(broadcast.o)
 .note.GNU-stack
                0x0000000000000000        0x0 contiki-native.a(chameleon.o)
 .note.GNU-stack
                0x0000000000000000        0x0 contiki-native.a(framer-nullmac.)
 .note.GNU-stack
                0x0000000000000000        0x0 contiki-native.a(mac.o)
 .note.GNU-stack
                0x0000000000000000        0x0 contiki-native.a(chameleon-bitop)
 .note.GNU-stack
                0x0000000000000000        0x0 contiki-native.a(framer.o)
 .group         0x0000000000000000        0x8 /usr/lib/i386-linux-gnu/libc_nonshared.a(elf-init.oS)
 .text.__x86.get_pc_thunk.bx
                0x0000000000000000        0x4 /usr/lib/i386-linux-gnu/libc_nonshared.a(elf-init.oS)
 .note.GNU-stack
                0x0000000000000000        0x0 /usr/lib/i386-linux-gnu/libc_nonshared.a(elf-init.oS)
 .note.GNU-stack
                0x0000000000000000        0x0 /usr/lib/gcc/i686-linux-gnu/4.8/crtend.o
 .note.GNU-stack
                0x0000000000000000        0x0 /usr/lib/gcc/i686-linux-gnu/4.8/../../../i386-linux-gnu/crtn.o
 .gnu_debuglink
                0x0000000000000000        0xc /usr/lib/gcc/i686-linux-gnu/4.8/../../../i386-linux-gnu/crtn.o

Memory Configuration

Name             Origin             Length             Attributes
*default*        0x0000000000000000 0xffffffffffffffff

Linker script and memory map

LOAD /usr/lib/gcc/i686-linux-gnu/4.8/../../../i386-linux-gnu/crt1.o
LOAD /usr/lib/gcc/i686-linux-gnu/4.8/../../../i386-linux-gnu/crti.o
LOAD /usr/lib/gcc/i686-linux-gnu/4.8/crtbegin.o
LOAD example-abc.co
LOAD contiki-native.a
LOAD /usr/lib/gcc/i686-linux-gnu/4.8/../../../i386-linux-gnu/libncurses.so
LOAD /lib/i386-linux-gnu/libncurses.so.5
LOAD /usr/lib/gcc/i686-linux-gnu/4.8/../../../i386-linux-gnu/libtinfo.so
LOAD /usr/lib/gcc/i686-linux-gnu/4.8/libgcc.a
LOAD /usr/lib/gcc/i686-linux-gnu/4.8/libgcc_s.so
LOAD /usr/lib/gcc/i686-linux-gnu/4.8/../../../i386-linux-gnu/libc.so
START GROUP
LOAD /lib/i386-linux-gnu/libc.so.6
LOAD /usr/lib/i386-linux-gnu/libc_nonshared.a
LOAD /lib/i386-linux-gnu/ld-linux.so.2
END GROUP
LOAD /usr/lib/gcc/i686-linux-gnu/4.8/libgcc.a
LOAD /usr/lib/gcc/i686-linux-gnu/4.8/libgcc_s.so
LOAD /usr/lib/gcc/i686-linux-gnu/4.8/crtend.o
LOAD /usr/lib/gcc/i686-linux-gnu/4.8/../../../i386-linux-gnu/crtn.o
                0x0000000008048000                PROVIDE (__executable_start, 0x8048000)
                0x0000000008048154                . = (0x8048000 + SIZEOF_HEADERS)

.interp         0x0000000008048154       0x13
 *(.interp)
 .interp        0x0000000008048154       0x13 /usr/lib/gcc/i686-linux-gnu/4.8/../../../i386-linux-gnu/crt1.o

.note.ABI-tag   0x0000000008048168       0x20
 .note.ABI-tag  0x0000000008048168       0x20 /usr/lib/gcc/i686-linux-gnu/4.8/../../../i386-linux-gnu/crt1.o

.note.gnu.build-id
                0x0000000008048188       0x24
 *(.note.gnu.build-id)
 .note.gnu.build-id
                0x0000000008048188       0x24 /usr/lib/gcc/i686-linux-gnu/4.8/../../../i386-linux-gnu/crt1.o

.hash
 *(.hash)

.gnu.hash       0x00000000080481ac      0x744
 *(.gnu.hash)
 .gnu.hash      0x00000000080481ac      0x744 /usr/lib/gcc/i686-linux-gnu/4.8/../../../i386-linux-gnu/crt1.o

.dynsym         0x00000000080488f0      0xe30
 *(.dynsym)
 .dynsym        0x00000000080488f0      0xe30 /usr/lib/gcc/i686-linux-gnu/4.8/../../../i386-linux-gnu/crt1.o

.dynstr         0x0000000008049720      0xd39
 *(.dynstr)
 .dynstr        0x0000000008049720      0xd39 /usr/lib/gcc/i686-linux-gnu/4.8/../../../i386-linux-gnu/crt1.o

.gnu.version    0x000000000804a45a      0x1c6
 *(.gnu.version)
 .gnu.version   0x000000000804a45a      0x1c6 /usr/lib/gcc/i686-linux-gnu/4.8/../../../i386-linux-gnu/crt1.o

.gnu.version_d  0x000000000804a620        0x0
 *(.gnu.version_d)
 .gnu.version_d
                0x0000000000000000        0x0 /usr/lib/gcc/i686-linux-gnu/4.8/../../../i386-linux-gnu/crt1.o

.gnu.version_r  0x000000000804a620       0x40
 *(.gnu.version_r)
 .gnu.version_r
                0x000000000804a620       0x40 /usr/lib/gcc/i686-linux-gnu/4.8/../../../i386-linux-gnu/crt1.o

.rel.dyn        0x000000000804a660       0x18
 *(.rel.init)
 *(.rel.text .rel.text.* .rel.gnu.linkonce.t.*)
 .rel.text      0x0000000000000000        0x0 /usr/lib/gcc/i686-linux-gnu/4.8/../../../i386-linux-gnu/crt1.o
 *(.rel.fini)
 *(.rel.rodata .rel.rodata.* .rel.gnu.linkonce.r.*)
 .rel.rodata    0x0000000000000000        0x0 /usr/lib/gcc/i686-linux-gnu/4.8/../../../i386-linux-gnu/crt1.o
 *(.rel.data.rel.ro .rel.data.rel.ro.* .rel.gnu.linkonce.d.rel.ro.*)
 *(.rel.data .rel.data.* .rel.gnu.linkonce.d.*)
 .rel.data      0x0000000000000000        0x0 /usr/lib/gcc/i686-linux-gnu/4.8/../../../i386-linux-gnu/crt1.o
 *(.rel.tdata .rel.tdata.* .rel.gnu.linkonce.td.*)
 *(.rel.tbss .rel.tbss.* .rel.gnu.linkonce.tb.*)
 *(.rel.ctors)
 *(.rel.dtors)
 *(.rel.got)
 .rel.got       0x000000000804a660        0x8 /usr/lib/gcc/i686-linux-gnu/4.8/../../../i386-linux-gnu/crt1.o
 *(.rel.bss .rel.bss.* .rel.gnu.linkonce.b.*)
 .rel.bss       0x000000000804a668       0x10 /usr/lib/gcc/i686-linux-gnu/4.8/../../../i386-linux-gnu/crt1.o
 *(.rel.ifunc)

.rel.plt        0x000000000804a678       0xa0
 *(.rel.plt)
 .rel.plt       0x000000000804a678       0xa0 /usr/lib/gcc/i686-linux-gnu/4.8/../../../i386-linux-gnu/crt1.o
                0x000000000804a718                PROVIDE (__rel_iplt_start, .)
 *(.rel.iplt)
 .rel.iplt      0x0000000000000000        0x0 /usr/lib/gcc/i686-linux-gnu/4.8/../../../i386-linux-gnu/crt1.o
                0x000000000804a718                PROVIDE (__rel_iplt_end, .)

.init           0x000000000804a718       0x23
 *(SORT(.init))
 .init          0x000000000804a718       0x1e /usr/lib/gcc/i686-linux-gnu/4.8/../../../i386-linux-gnu/crti.o
                0x000000000804a718                _init
 .init          0x000000000804a736        0x5 /usr/lib/gcc/i686-linux-gnu/4.8/../../../i386-linux-gnu/crtn.o

.plt            0x000000000804a740      0x150
 *(.plt)
 .plt           0x000000000804a740      0x150 /usr/lib/gcc/i686-linux-gnu/4.8/../../../i386-linux-gnu/crt1.o
                0x000000000804a750                setitimer@@GLIBC_2.0
                0x000000000804a760                read@@GLIBC_2.0
                0x000000000804a770                memcpy@@GLIBC_2.0
                0x000000000804a780                signal@@GLIBC_2.0
                0x000000000804a790                memcmp@@GLIBC_2.0
                0x000000000804a7a0                gettimeofday@@GLIBC_2.0
                0x000000000804a7b0                select@@GLIBC_2.0
                0x000000000804a7c0                __stack_chk_fail@@GLIBC_2.4
                0x000000000804a7d0                perror@@GLIBC_2.0
                0x000000000804a7e0                puts@@GLIBC_2.0
                0x000000000804a800                srand@@GLIBC_2.0
                0x000000000804a810                __libc_start_main@@GLIBC_2.0
                0x000000000804a820                setvbuf@@GLIBC_2.0
                0x000000000804a830                memset@@GLIBC_2.0
                0x000000000804a840                __errno_location@@GLIBC_2.0
                0x000000000804a850                rand@@GLIBC_2.0
                0x000000000804a860                __printf_chk@@GLIBC_2.3.4
                0x000000000804a870                __fprintf_chk@@GLIBC_2.3.4
                0x000000000804a880                strncmp@@GLIBC_2.0
 *(.iplt)
 .iplt          0x0000000000000000        0x0 /usr/lib/gcc/i686-linux-gnu/4.8/../../../i386-linux-gnu/crt1.o

.text           0x000000000804a890     0x3262
 *(.text.unlikely .text.*_unlikely .text.unlikely.*)
 *(.text.exit .text.exit.*)
 *(.text.startup .text.startup.*)
 *(.text.hot .text.hot.*)
 *(.text .stub .text.* .gnu.linkonce.t.*)
 .text          0x000000000804a890       0x22 /usr/lib/gcc/i686-linux-gnu/4.8/../../../i386-linux-gnu/crt1.o
                0x000000000804a890                _start
 .text          0x000000000804a8b2        0x0 /usr/lib/gcc/i686-linux-gnu/4.8/../../../i386-linux-gnu/crti.o
 *fill*         0x000000000804a8b2        0xe 
 .gnu.linkonce.t.__x86.get_pc_thunk.bx
                0x000000000804a8c0        0x4 /usr/lib/gcc/i686-linux-gnu/4.8/../../../i386-linux-gnu/crti.o
                0x000000000804a8c0                __x86.get_pc_thunk.bx
 *fill*         0x000000000804a8c4        0xc 
 .text          0x000000000804a8d0       0xbd /usr/lib/gcc/i686-linux-gnu/4.8/crtbegin.o
 .text          0x000000000804a98d      0x219 example-abc.co
 *fill*         0x000000000804aba6        0xa 
 .text          0x000000000804abb0      0x38c contiki-native.a(contiki-main.o)
                0x000000000804abfa                select_set_callback
                0x000000000804ac99                main
                0x000000000804aedc                log_message
                0x000000000804af10                uip_log
 .text          0x000000000804af3c       0x25 contiki-native.a(button-sensor.o)
                0x000000000804af4e                button_press
 .text          0x000000000804af61       0x2f contiki-native.a(pir-sensor.o)
                0x000000000804af73                pir_sensor_changed
 .text          0x000000000804af90       0x2c contiki-native.a(vib-sensor.o)
                0x000000000804afa2                vib_sensor_changed
 *fill*         0x000000000804afbc        0x4 
 .text          0x000000000804afc0      0x258 contiki-native.a(sensors.o)
                0x000000000804b104                sensors_first
                0x000000000804b10a                sensors_next
                0x000000000804b14e                sensors_changed
                0x000000000804b1a4                sensors_find
 .text          0x000000000804b218       0x58 contiki-native.a(autostart.o)
                0x000000000804b218                autostart_start
                0x000000000804b248                autostart_exit
 .text          0x000000000804b270      0x2aa contiki-native.a(ctimer.o)
                0x000000000804b34c                ctimer_init
                0x000000000804b37a                ctimer_set
                0x000000000804b3e5                ctimer_reset
                0x000000000804b42e                ctimer_restart
                0x000000000804b477                ctimer_stop
                0x000000000804b4b8                ctimer_expired
 *fill*         0x000000000804b51a        0x6 
 .text          0x000000000804b520      0x2e3 contiki-native.a(etimer.o)
                0x000000000804b571                etimer_request_poll
                0x000000000804b6ed                etimer_set
                0x000000000804b711                etimer_reset
                0x000000000804b72d                etimer_restart
                0x000000000804b749                etimer_adjust
                0x000000000804b75f                etimer_expired
                0x000000000804b76e                etimer_expiration_time
                0x000000000804b778                etimer_start_time
                0x000000000804b77f                etimer_pending
                0x000000000804b78d                etimer_next_expiration_time
                0x000000000804b7a1                etimer_stop
 *fill*         0x000000000804b803        0xd 
 .text          0x000000000804b810      0x3c0 contiki-native.a(process.o)
                0x000000000804b978                process_alloc_event
                0x000000000804b989                process_exit
                0x000000000804b99f                process_init
                0x000000000804b9c9                process_run
                0x000000000804baa8                process_nevents
                0x000000000804babc                process_post
                0x000000000804bb22                process_post_synch
                0x000000000804bb49                process_start
                0x000000000804bba0                process_poll
                0x000000000804bbc1                process_is_running
 .text          0x000000000804bbd0       0x89 contiki-native.a(rtimer.o)
                0x000000000804bbd0                rtimer_init
                0x000000000804bbdc                rtimer_set
                0x000000000804bc1d                rtimer_run_next
 .text          0x000000000804bc59       0x72 contiki-native.a(timer.o)
                0x000000000804bc59                timer_set
                0x000000000804bc74                timer_reset
                0x000000000804bc7e                timer_restart
                0x000000000804bc90                timer_expired
                0x000000000804bcb0                timer_remaining
 .text          0x000000000804bccb      0x1b0 contiki-native.a(serial-line.o)
                0x000000000804bdd1                serial_line_input_byte
                0x000000000804be44                serial_line_init
 *fill*         0x000000000804be7b        0x5 
 .text          0x000000000804be80      0x171 contiki-native.a(list.o)
                0x000000000804be80                list_init
                0x000000000804be8b                list_head
                0x000000000804be92                list_copy
                0x000000000804be9f                list_tail
                0x000000000804beba                list_chop
                0x000000000804beea                list_pop
                0x000000000804befa                list_remove
                0x000000000804bf39                list_add
                0x000000000804bf70                list_push
                0x000000000804bf95                list_length
                0x000000000804bfb5                list_insert
                0x000000000804bfe0                list_item_next
 .text          0x000000000804bff1       0x20 contiki-native.a(random.o)
                0x000000000804bff1                random_init
                0x000000000804c005                random_rand
 .text          0x000000000804c011       0xc4 contiki-native.a(ringbuf.o)
                0x000000000804c011                ringbuf_init
                0x000000000804c02f                ringbuf_put
                0x000000000804c078                ringbuf_get
                0x000000000804c0b4                ringbuf_size
                0x000000000804c0c0                ringbuf_elements
 .text          0x000000000804c0d5       0xa0 contiki-native.a(abc.o)
                0x000000000804c0d5                abc_open
                0x000000000804c10c                abc_close
                0x000000000804c11f                abc_send
                0x000000000804c132                abc_input
                0x000000000804c14b                abc_sent
 *fill*         0x000000000804c175        0xb 
 .text          0x000000000804c180       0xc3 contiki-native.a(channel.o)
                0x000000000804c180                channel_init
                0x000000000804c193                channel_open
                0x000000000804c1b6                channel_close
                0x000000000804c1d1                channel_lookup
                0x000000000804c213                channel_set_attributes
 *fill*         0x000000000804c243        0xd 
 .text          0x000000000804c250      0x147 contiki-native.a(rime.o)
                0x000000000804c32d                rime_sniffer_add
                0x000000000804c348                rime_sniffer_remove
                0x000000000804c363                rime_output
 .text          0x000000000804c397       0x55 contiki-native.a(linkaddr.o)
                0x000000000804c397                linkaddr_copy
                0x000000000804c3a6                linkaddr_cmp
                0x000000000804c3d1                linkaddr_set_node_addr
 *fill*         0x000000000804c3ec        0x4 
 .text          0x000000000804c3f0       0x21 contiki-native.a(netstack.o)
                0x000000000804c3f0                netstack_init
 .text          0x000000000804c411      0x412 contiki-native.a(packetbuf.o)
                0x000000000804c411                packetbuf_clear_hdr
                0x000000000804c419                packetbuf_compact
                0x000000000804c45e                packetbuf_copyto_hdr
                0x000000000804c490                packetbuf_copyto
                0x000000000804c510                packetbuf_hdr_remove
                0x000000000804c51b                packetbuf_hdrreduce
                0x000000000804c547                packetbuf_set_datalen
                0x000000000804c552                packetbuf_dataptr
                0x000000000804c55f                packetbuf_hdrptr
                0x000000000804c56c                packetbuf_datalen
                0x000000000804c574                packetbuf_hdrlen
                0x000000000804c58c                packetbuf_totlen
                0x000000000804c59c                packetbuf_hdralloc
                0x000000000804c5df                packetbuf_attr_clear
                0x000000000804c622                packetbuf_clear
                0x000000000804c651                packetbuf_copyfrom
                0x000000000804c697                packetbuf_attr_copyto
                0x000000000804c723                packetbuf_attr_copyfrom
                0x000000000804c7ae                packetbuf_set_attr
                0x000000000804c7c5                packetbuf_attr
                0x000000000804c7d3                packetbuf_set_addr
                0x000000000804c7fb                packetbuf_addr
                0x000000000804c808                packetbuf_holds_broadcast
 .text          0x000000000804c823      0x1ef contiki-native.a(queuebuf.o)
                0x000000000804c823                queuebuf_init
                0x000000000804c842                queuebuf_numfree
                0x000000000804c855                queuebuf_new_from_packetbuf
                0x000000000804c8c6                queuebuf_update_attr_from_packetbuf
                0x000000000804c8ea                queuebuf_update_from_packetbuf
                0x000000000804c920                queuebuf_free
                0x000000000804c963                queuebuf_to_packetbuf
                0x000000000804c9b1                queuebuf_dataptr
                0x000000000804c9db                queuebuf_datalen
                0x000000000804c9e9                queuebuf_addr
                0x000000000804c9fc                queuebuf_attr
                0x000000000804ca10                queuebuf_debug_print
 .text          0x000000000804ca12       0x52 contiki-native.a(nullmac.o)
 *fill*         0x000000000804ca64        0xc 
 .text          0x000000000804ca70      0x15d contiki-native.a(nullrdc.o)
 .text          0x000000000804cbcd       0x54 contiki-native.a(nullsec.o)
 .text          0x000000000804cc21       0x5e contiki-native.a(clock.o)
                0x000000000804cc21                clock_time
                0x000000000804cc5e                clock_seconds
                0x000000000804cc7d                clock_delay
 .text          0x000000000804cc7f       0xac contiki-native.a(rtimer-arch.o)
                0x000000000804cc9f                rtimer_arch_init
                0x000000000804ccba                rtimer_arch_schedule
 .text          0x000000000804cd2b       0x54 contiki-native.a(nullradio.o)
 *fill*         0x000000000804cd7f        0x1 
 .text          0x000000000804cd80      0x172 contiki-native.a(memb.o)
                0x000000000804cd80                memb_init
                0x000000000804cdc9                memb_alloc
                0x000000000804ce27                memb_free
                0x000000000804ce94                memb_inmemb
                0x000000000804cec1                memb_numfree
 *fill*         0x000000000804cef2        0xe 
 .text          0x000000000804cf00      0x1ff contiki-native.a(announcement.o)
                0x000000000804cf00                announcement_init
                0x000000000804cf13                announcement_register
                0x000000000804cf75                announcement_remove
                0x000000000804cf90                announcement_remove_value
                0x000000000804cfd1                announcement_set_value
                0x000000000804d01f                announcement_bump
                0x000000000804d059                announcement_listen
                0x000000000804d073                announcement_register_listen_callback
                0x000000000804d07d                announcement_register_observer_callback
                0x000000000804d087                announcement_list
                0x000000000804d09a                announcement_heard
 .text          0x000000000804d0ff      0x20c contiki-native.a(broadcast-annou)
                0x000000000804d28f                broadcast_announcement_init
                0x000000000804d2da                broadcast_announcement_stop
                0x000000000804d305                broadcast_announcement_beacon_interval
 .text          0x000000000804d30b       0xe2 contiki-native.a(broadcast.o)
                0x000000000804d374                broadcast_open
                0x000000000804d3b3                broadcast_close
                0x000000000804d3c6                broadcast_send
 .text          0x000000000804d3ed       0x81 contiki-native.a(chameleon.o)
                0x000000000804d3ed                chameleon_init
                0x000000000804d3f9                chameleon_parse
                0x000000000804d424                chameleon_create
                0x000000000804d45a                chameleon_hdrsize
 .text          0x000000000804d46e       0xac contiki-native.a(framer-nullmac.)
 .text          0x000000000804d51a       0x28 contiki-native.a(mac.o)
                0x000000000804d51a                mac_call_sent_callback
 .text          0x000000000804d542      0x50f contiki-native.a(chameleon-bitop)
                0x000000000804d566                get_bits_in_byte
                0x000000000804d59b                get_bits
                0x000000000804d7e6                set_bits_in_byte
                0x000000000804d80a                set_bits
 .text          0x000000000804da51       0x2a contiki-native.a(framer.o)
                0x000000000804da51                framer_canonical_create_and_secure
 *fill*         0x000000000804da7b        0x5 
 .text          0x000000000804da80       0x72 /usr/lib/i386-linux-gnu/libc_nonshared.a(elf-init.oS)
                0x000000000804da80                __libc_csu_init
                0x000000000804daf0                __libc_csu_fini
 .text          0x000000000804daf2        0x0 /usr/lib/gcc/i686-linux-gnu/4.8/crtend.o
 .text          0x000000000804daf2        0x0 /usr/lib/gcc/i686-linux-gnu/4.8/../../../i386-linux-gnu/crtn.o
 *(.gnu.warning)

.fini           0x000000000804daf4       0x14
 *(SORT(.fini))
 .fini          0x000000000804daf4        0xf /usr/lib/gcc/i686-linux-gnu/4.8/../../../i386-linux-gnu/crti.o
                0x000000000804daf4                _fini
 .fini          0x000000000804db03        0x5 /usr/lib/gcc/i686-linux-gnu/4.8/../../../i386-linux-gnu/crtn.o
                0x000000000804db08                PROVIDE (__etext, .)
                0x000000000804db08                PROVIDE (_etext, .)
                0x000000000804db08                PROVIDE (etext, .)

.rodata         0x000000000804db20      0x271
 *(.rodata .rodata.* .gnu.linkonce.r.*)
 .rodata        0x000000000804db20        0x4 /usr/lib/gcc/i686-linux-gnu/4.8/../../../i386-linux-gnu/crt1.o
                0x000000000804db20                _fp_hw
 .rodata.cst4   0x000000000804db24        0x4 /usr/lib/gcc/i686-linux-gnu/4.8/../../../i386-linux-gnu/crt1.o
                0x000000000804db24                _IO_stdin_used
 .rodata.str1.1
                0x000000000804db28       0x2a example-abc.co
 *fill*         0x000000000804db52        0x2 
 .rodata.str1.4
                0x000000000804db54       0x23 example-abc.co
 *fill*         0x000000000804db77        0x1 
 .rodata        0x000000000804db78       0x10 example-abc.co
                0x000000000804db80                autostart_processes
 .rodata.cst4   0x000000000804db88        0xc example-abc.co
 .rodata.str1.4
                0x000000000804db94       0x24 contiki-native.a(contiki-main.o)
                                         0x22 (size before relaxing)
 .rodata.str1.1
                0x000000000804dbb8       0x4a contiki-native.a(contiki-main.o)
                                         0x4e (size before relaxing)
 *fill*         0x000000000804dc02        0x2 
 .rodata        0x000000000804dc04        0x8 contiki-native.a(contiki-main.o)
 .rodata.str1.1
                0x000000000804dc0c        0x7 contiki-native.a(button-sensor.o)
 *fill*         0x000000000804dc13        0x1 
 .rodata        0x000000000804dc14       0x10 contiki-native.a(button-sensor.o)
                0x000000000804dc14                button_sensor
 .rodata.str1.1
                0x000000000804dc24        0x4 contiki-native.a(pir-sensor.o)
 .rodata        0x000000000804dc28       0x10 contiki-native.a(pir-sensor.o)
                0x000000000804dc28                pir_sensor
 .rodata.str1.1
                0x000000000804dc38        0xa contiki-native.a(vib-sensor.o)
 *fill*         0x000000000804dc42        0x2 
 .rodata        0x000000000804dc44       0x10 contiki-native.a(vib-sensor.o)
                0x000000000804dc44                vib_sensor
 .rodata.str1.1
                0x000000000804dc54        0x8 contiki-native.a(sensors.o)
 .rodata.str1.1
                0x000000000804dc5c        0xf contiki-native.a(ctimer.o)
 .rodata.str1.1
                0x000000000804dc6b        0xc contiki-native.a(etimer.o)
 .rodata.str1.1
                0x000000000804dc77        0xe contiki-native.a(serial-line.o)
 .rodata        0x000000000804dc85        0x2 contiki-native.a(abc.o)
 .rodata.str1.1
                0x000000000804dc87        0x5 contiki-native.a(rime.o)
 .rodata        0x000000000804dc8c        0xc contiki-native.a(rime.o)
                0x000000000804dc8c                rime_driver
 .rodata        0x000000000804dc98        0x2 contiki-native.a(linkaddr.o)
                0x000000000804dc98                linkaddr_null
 .rodata.str1.1
                0x000000000804dc9a        0x8 contiki-native.a(nullmac.o)
 *fill*         0x000000000804dca2        0x2 
 .rodata        0x000000000804dca4       0x1c contiki-native.a(nullmac.o)
                0x000000000804dca4                nullmac_driver
 .rodata.str1.1
                0x000000000804dcc0        0x8 contiki-native.a(nullrdc.o)
 *fill*         0x000000000804dcc8       0x18 
 .rodata        0x000000000804dce0       0x20 contiki-native.a(nullrdc.o)
                0x000000000804dce0                nullrdc_driver
 .rodata.str1.1
                0x000000000804dd00        0x8 contiki-native.a(nullsec.o)
 .rodata        0x000000000804dd08       0x18 contiki-native.a(nullsec.o)
                0x000000000804dd08                nullsec_driver
 .rodata        0x000000000804dd20       0x38 contiki-native.a(nullradio.o)
                0x000000000804dd20                nullradio_driver
 .rodata        0x000000000804dd58        0x8 contiki-native.a(broadcast-annou)
 .rodata        0x000000000804dd60        0xc contiki-native.a(broadcast.o)
 .rodata        0x000000000804dd6c       0x10 contiki-native.a(framer-nullmac.)
                0x000000000804dd6c                framer_nullmac
 .rodata        0x000000000804dd7c       0x15 contiki-native.a(chameleon-bitop)
                0x000000000804dd7c                chameleon_bitopt

.rodata1
 *(.rodata1)

.eh_frame_hdr   0x000000000804dd94      0x75c
 *(.eh_frame_hdr)
 .eh_frame_hdr  0x000000000804dd94      0x75c example-abc.co

.eh_frame       0x000000000804e4f0     0x1a14
 *(.eh_frame)
 .eh_frame      0x000000000804e4f0       0x3c /usr/lib/gcc/i686-linux-gnu/4.8/../../../i386-linux-gnu/crt1.o
                                         0x40 (size before relaxing)
 .eh_frame      0x000000000804e52c       0x4c example-abc.co
                                         0x64 (size before relaxing)
 .eh_frame      0x000000000804e578       0x90 contiki-native.a(contiki-main.o)
                                         0xa8 (size before relaxing)
 .eh_frame      0x000000000804e608       0x54 contiki-native.a(button-sensor.o)
                                         0x6c (size before relaxing)
 .eh_frame      0x000000000804e65c       0x54 contiki-native.a(pir-sensor.o)
                                         0x6c (size before relaxing)
 .eh_frame      0x000000000804e6b0       0x54 contiki-native.a(vib-sensor.o)
                                         0x6c (size before relaxing)
 .eh_frame      0x000000000804e704       0xa0 contiki-native.a(sensors.o)
                                         0xb8 (size before relaxing)
 .eh_frame      0x000000000804e7a4       0x40 contiki-native.a(autostart.o)
                                         0x58 (size before relaxing)
 .eh_frame      0x000000000804e7e4      0x114 contiki-native.a(ctimer.o)
                                        0x12c (size before relaxing)
 .eh_frame      0x000000000804e8f8      0x190 contiki-native.a(etimer.o)
                                        0x1a8 (size before relaxing)
 .eh_frame      0x000000000804ea88      0x19c contiki-native.a(process.o)
                                        0x1b4 (size before relaxing)
 .eh_frame      0x000000000804ec24       0x50 contiki-native.a(rtimer.o)
                                         0x68 (size before relaxing)
 .eh_frame      0x000000000804ec74       0x8c contiki-native.a(timer.o)
                                         0xa4 (size before relaxing)
 .eh_frame      0x000000000804ed00       0x54 contiki-native.a(serial-line.o)
                                         0x6c (size before relaxing)
 .eh_frame      0x000000000804ed54      0x12c contiki-native.a(list.o)
                                        0x144 (size before relaxing)
 .eh_frame      0x000000000804ee80       0x30 contiki-native.a(random.o)
                                         0x48 (size before relaxing)
 .eh_frame      0x000000000804eeb0       0x90 contiki-native.a(ringbuf.o)
                                         0xa8 (size before relaxing)
 .eh_frame      0x000000000804ef40       0x8c contiki-native.a(abc.o)
                                         0xa4 (size before relaxing)
 .eh_frame      0x000000000804efcc       0xa0 contiki-native.a(channel.o)
                                         0xb8 (size before relaxing)
 .eh_frame      0x000000000804f06c       0xc0 contiki-native.a(rime.o)
                                         0xd8 (size before relaxing)
 .eh_frame      0x000000000804f12c       0x44 contiki-native.a(linkaddr.o)
                                         0x5c (size before relaxing)
 .eh_frame      0x000000000804f170       0x18 contiki-native.a(netstack.o)
                                         0x30 (size before relaxing)
 .eh_frame      0x000000000804f188      0x254 contiki-native.a(packetbuf.o)
                                        0x26c (size before relaxing)
 .eh_frame      0x000000000804f3dc      0x148 contiki-native.a(queuebuf.o)
                                        0x160 (size before relaxing)
 .eh_frame      0x000000000804f524       0x88 contiki-native.a(nullmac.o)
                                         0xa0 (size before relaxing)
 .eh_frame      0x000000000804f5ac       0xf4 contiki-native.a(nullrdc.o)
                                        0x10c (size before relaxing)
 .eh_frame      0x000000000804f6a0       0x70 contiki-native.a(nullsec.o)
                                         0x88 (size before relaxing)
 .eh_frame      0x000000000804f710       0x4c contiki-native.a(clock.o)
                                         0x64 (size before relaxing)
 .eh_frame      0x000000000804f75c       0x54 contiki-native.a(rtimer-arch.o)
                                         0x6c (size before relaxing)
 .eh_frame      0x000000000804f7b0      0x118 contiki-native.a(nullradio.o)
                                        0x130 (size before relaxing)
 .eh_frame      0x000000000804f8c8       0xcc contiki-native.a(memb.o)
                                         0xe4 (size before relaxing)
 .eh_frame      0x000000000804f994      0x134 contiki-native.a(announcement.o)
                                        0x14c (size before relaxing)
 .eh_frame      0x000000000804fac8      0x108 contiki-native.a(broadcast-annou)
                                        0x120 (size before relaxing)
 .eh_frame      0x000000000804fbd0       0x94 contiki-native.a(broadcast.o)
                                         0xac (size before relaxing)
 .eh_frame      0x000000000804fc64       0x7c contiki-native.a(chameleon.o)
                                         0x94 (size before relaxing)
 .eh_frame      0x000000000804fce0       0x5c contiki-native.a(framer-nullmac.)
                                         0x74 (size before relaxing)
 .eh_frame      0x000000000804fd3c       0x18 contiki-native.a(mac.o)
                                         0x30 (size before relaxing)
 .eh_frame      0x000000000804fd54      0x13c contiki-native.a(chameleon-bitop)
                                        0x154 (size before relaxing)
 .eh_frame      0x000000000804fe90       0x20 contiki-native.a(framer.o)
                                         0x38 (size before relaxing)
 .eh_frame      0x000000000804feb0       0x50 /usr/lib/i386-linux-gnu/libc_nonshared.a(elf-init.oS)
                                         0x7c (size before relaxing)
 .eh_frame      0x000000000804ff00        0x4 /usr/lib/gcc/i686-linux-gnu/4.8/crtend.o

.gcc_except_table
 *(.gcc_except_table .gcc_except_table.*)

.exception_ranges
 *(.exception_ranges .exception_ranges*)
                0x000000000804ff04                . = (ALIGN (0x1000) - ((0x1000 - .) & 0xfff))
                0x0000000008050f08                . = DATA_SEGMENT_ALIGN (0x1000, 0x1000)

.eh_frame
 *(.eh_frame)

.gcc_except_table
 *(.gcc_except_table .gcc_except_table.*)

.exception_ranges
 *(.exception_ranges .exception_ranges*)

.tdata
 *(.tdata .tdata.* .gnu.linkonce.td.*)

.tbss
 *(.tbss .tbss.* .gnu.linkonce.tb.*)
 *(.tcommon)

.preinit_array  0x0000000008050f08        0x0
                0x0000000008050f08                PROVIDE (__preinit_array_start, .)
 *(.preinit_array)
                0x0000000008050f08                PROVIDE (__preinit_array_end, .)

.init_array     0x0000000008050f08        0x4
                0x0000000008050f08                PROVIDE (__init_array_start, .)
 *(SORT(.init_array.*) SORT(.ctors.*))
 *(.init_array EXCLUDE_FILE(*crtend?.o *crtend.o *crtbegin?.o *crtbegin.o) .ctors)
 .init_array    0x0000000008050f08        0x4 /usr/lib/gcc/i686-linux-gnu/4.8/crtbegin.o
                0x0000000008050f0c                PROVIDE (__init_array_end, .)

.fini_array     0x0000000008050f0c        0x4
                0x0000000008050f0c                PROVIDE (__fini_array_start, .)
 *(SORT(.fini_array.*) SORT(.dtors.*))
 *(.fini_array EXCLUDE_FILE(*crtend?.o *crtend.o *crtbegin?.o *crtbegin.o) .dtors)
 .fini_array    0x0000000008050f0c        0x4 /usr/lib/gcc/i686-linux-gnu/4.8/crtbegin.o
                0x0000000008050f10                PROVIDE (__fini_array_end, .)

.ctors
 *crtbegin.o(.ctors)
 *crtbegin?.o(.ctors)
 *(EXCLUDE_FILE(*crtend?.o *crtend.o) .ctors)
 *(SORT(.ctors.*))
 *(.ctors)

.dtors
 *crtbegin.o(.dtors)
 *crtbegin?.o(.dtors)
 *(EXCLUDE_FILE(*crtend?.o *crtend.o) .dtors)
 *(SORT(.dtors.*))
 *(.dtors)

.jcr            0x0000000008050f10        0x4
 *(.jcr)
 .jcr           0x0000000008050f10        0x0 /usr/lib/gcc/i686-linux-gnu/4.8/crtbegin.o
 .jcr           0x0000000008050f10        0x4 /usr/lib/gcc/i686-linux-gnu/4.8/crtend.o

.data.rel.ro
 *(.data.rel.ro.local* .gnu.linkonce.d.rel.ro.local.*)
 *(.data.rel.ro .data.rel.ro.* .gnu.linkonce.d.rel.ro.*)

.dynamic        0x0000000008050f14       0xe8
 *(.dynamic)
 .dynamic       0x0000000008050f14       0xe8 /usr/lib/gcc/i686-linux-gnu/4.8/../../../i386-linux-gnu/crt1.o
                0x0000000008050f14                _DYNAMIC

.got            0x0000000008050ffc        0x4
 *(.got)
 .got           0x0000000008050ffc        0x4 /usr/lib/gcc/i686-linux-gnu/4.8/../../../i386-linux-gnu/crt1.o
 *(.igot)
                0x0000000008051ff4                . = DATA_SEGMENT_RELRO_END (., (SIZEOF (.got.plt) >= 0xc)?0xc:0x0)

.got.plt        0x0000000008051000       0x5c
 *(.got.plt)
 .got.plt       0x0000000008051000       0x5c /usr/lib/gcc/i686-linux-gnu/4.8/../../../i386-linux-gnu/crt1.o
                0x0000000008051000                _GLOBAL_OFFSET_TABLE_
 *(.igot.plt)
 .igot.plt      0x0000000000000000        0x0 /usr/lib/gcc/i686-linux-gnu/4.8/../../../i386-linux-gnu/crt1.o

.data           0x000000000805105c       0x80
 *(.data .data.* .gnu.linkonce.d.*)
 .data          0x000000000805105c        0x4 /usr/lib/gcc/i686-linux-gnu/4.8/../../../i386-linux-gnu/crt1.o
                0x000000000805105c                data_start
                0x000000000805105c                __data_start
 .data          0x0000000008051060        0x0 /usr/lib/gcc/i686-linux-gnu/4.8/../../../i386-linux-gnu/crti.o
 .data          0x0000000008051060        0x4 /usr/lib/gcc/i686-linux-gnu/4.8/crtbegin.o
                0x0000000008051060                __dso_handle
 .data          0x0000000008051064       0x10 example-abc.co
                0x0000000008051064                example_abc_process
 .data          0x0000000008051074       0x10 contiki-native.a(contiki-main.o)
                0x0000000008051074                sensors
 .data          0x0000000008051084        0x0 contiki-native.a(button-sensor.o)
 .data          0x0000000008051084        0x0 contiki-native.a(pir-sensor.o)
 .data          0x0000000008051084        0x0 contiki-native.a(vib-sensor.o)
 .data          0x0000000008051084       0x10 contiki-native.a(sensors.o)
                0x0000000008051084                sensors_process
 .data          0x0000000008051094        0x0 contiki-native.a(autostart.o)
 .data          0x0000000008051094       0x10 contiki-native.a(ctimer.o)
                0x0000000008051094                ctimer_process
 .data          0x00000000080510a4       0x10 contiki-native.a(etimer.o)
                0x00000000080510a4                etimer_process
 .data          0x00000000080510b4        0x0 contiki-native.a(process.o)
 .data          0x00000000080510b4        0x0 contiki-native.a(rtimer.o)
 .data          0x00000000080510b4        0x0 contiki-native.a(timer.o)
 .data          0x00000000080510b4       0x10 contiki-native.a(serial-line.o)
                0x00000000080510b4                serial_line_process
 .data          0x00000000080510c4        0x0 contiki-native.a(list.o)
 .data          0x00000000080510c4        0x0 contiki-native.a(random.o)
 .data          0x00000000080510c4        0x0 contiki-native.a(ringbuf.o)
 .data          0x00000000080510c4        0x0 contiki-native.a(abc.o)
 .data          0x00000000080510c4        0x0 contiki-native.a(channel.o)
 .data          0x00000000080510c4        0x0 contiki-native.a(rime.o)
 .data          0x00000000080510c4        0x0 contiki-native.a(linkaddr.o)
 .data          0x00000000080510c4        0x0 contiki-native.a(netstack.o)
 .data          0x00000000080510c4        0x0 contiki-native.a(packetbuf.o)
 .data          0x00000000080510c4       0x18 contiki-native.a(queuebuf.o)
 .data          0x00000000080510dc        0x0 contiki-native.a(nullmac.o)
 .data          0x00000000080510dc        0x0 contiki-native.a(nullrdc.o)
 .data          0x00000000080510dc        0x0 contiki-native.a(nullsec.o)
 .data          0x00000000080510dc        0x0 contiki-native.a(clock.o)
 .data          0x00000000080510dc        0x0 contiki-native.a(rtimer-arch.o)
 .data          0x00000000080510dc        0x0 contiki-native.a(nullradio.o)
 .data          0x00000000080510dc        0x0 contiki-native.a(memb.o)
 .data          0x00000000080510dc        0x0 contiki-native.a(announcement.o)
 .data          0x00000000080510dc        0x0 contiki-native.a(broadcast-annou)
 .data          0x00000000080510dc        0x0 contiki-native.a(broadcast.o)
 .data          0x00000000080510dc        0x0 contiki-native.a(chameleon.o)
 .data          0x00000000080510dc        0x0 contiki-native.a(framer-nullmac.)
 .data          0x00000000080510dc        0x0 contiki-native.a(mac.o)
 .data          0x00000000080510dc        0x0 contiki-native.a(chameleon-bitop)
 .data          0x00000000080510dc        0x0 contiki-native.a(framer.o)
 .data          0x00000000080510dc        0x0 /usr/lib/i386-linux-gnu/libc_nonshared.a(elf-init.oS)
 .data          0x00000000080510dc        0x0 /usr/lib/gcc/i686-linux-gnu/4.8/crtend.o
 .data          0x00000000080510dc        0x0 /usr/lib/gcc/i686-linux-gnu/4.8/../../../i386-linux-gnu/crtn.o

.tm_clone_table
                0x00000000080510dc        0x0
 .tm_clone_table
                0x00000000080510dc        0x0 /usr/lib/gcc/i686-linux-gnu/4.8/crtbegin.o
 .tm_clone_table
                0x00000000080510dc        0x0 /usr/lib/gcc/i686-linux-gnu/4.8/crtend.o

.data1
 *(.data1)
                0x00000000080510dc                _edata = .
                0x00000000080510dc                PROVIDE (edata, .)
                0x00000000080510dc                . = .
                0x00000000080510dc                __bss_start = .

.bss            0x00000000080510e0      0xbdc
 *(.dynbss)
 .dynbss        0x00000000080510e0       0x24 /usr/lib/gcc/i686-linux-gnu/4.8/../../../i386-linux-gnu/crt1.o
                0x00000000080510e0                stderr@@GLIBC_2.0
                0x0000000008051100                stdout@@GLIBC_2.0
 *(.bss .bss.* .gnu.linkonce.b.*)
 .bss           0x0000000008051104        0x0 /usr/lib/gcc/i686-linux-gnu/4.8/../../../i386-linux-gnu/crt1.o
 .bss           0x0000000008051104        0x0 /usr/lib/gcc/i686-linux-gnu/4.8/../../../i386-linux-gnu/crti.o
 .bss           0x0000000008051104        0x1 /usr/lib/gcc/i686-linux-gnu/4.8/crtbegin.o
 *fill*         0x0000000008051105        0x3 
 .bss           0x0000000008051108       0x24 example-abc.co
 *fill*         0x000000000805112c       0x14 
 .bss           0x0000000008051140       0x40 contiki-native.a(contiki-main.o)
                0x0000000008051140                contiki_argc
 .bss           0x0000000008051180        0x0 contiki-native.a(button-sensor.o)
 .bss           0x0000000008051180        0x4 contiki-native.a(pir-sensor.o)
 .bss           0x0000000008051184        0x4 contiki-native.a(vib-sensor.o)
 .bss           0x0000000008051188        0x9 contiki-native.a(sensors.o)
 .bss           0x0000000008051191        0x0 contiki-native.a(autostart.o)
 *fill*         0x0000000008051191        0x3 
 .bss           0x0000000008051194        0x8 contiki-native.a(ctimer.o)
 .bss           0x000000000805119c        0x8 contiki-native.a(etimer.o)
 *fill*         0x00000000080511a4       0x1c 
 .bss           0x00000000080511c0      0x1a3 contiki-native.a(process.o)
                0x00000000080511c0                process_current
                0x00000000080511c4                process_list
 *fill*         0x0000000008051363        0x1 
 .bss           0x0000000008051364        0x4 contiki-native.a(rtimer.o)
 .bss           0x0000000008051368        0x0 contiki-native.a(timer.o)
 *fill*         0x0000000008051368       0x18 
 .bss           0x0000000008051380      0x148 contiki-native.a(serial-line.o)
 .bss           0x00000000080514c8        0x0 contiki-native.a(list.o)
 .bss           0x00000000080514c8        0x0 contiki-native.a(random.o)
 .bss           0x00000000080514c8        0x0 contiki-native.a(ringbuf.o)
 .bss           0x00000000080514c8        0x0 contiki-native.a(abc.o)
 .bss           0x00000000080514c8        0x4 contiki-native.a(channel.o)
 .bss           0x00000000080514cc        0x4 contiki-native.a(rime.o)
 .bss           0x00000000080514d0        0x0 contiki-native.a(linkaddr.o)
 .bss           0x00000000080514d0        0x0 contiki-native.a(netstack.o)
 *fill*         0x00000000080514d0       0x10 
 .bss           0x00000000080514e0       0xd6 contiki-native.a(packetbuf.o)
 *fill*         0x00000000080515b6        0xa 
 .bss           0x00000000080515c0      0x628 contiki-native.a(queuebuf.o)
 .bss           0x0000000008051be8        0x0 contiki-native.a(nullmac.o)
 .bss           0x0000000008051be8        0x0 contiki-native.a(nullrdc.o)
 .bss           0x0000000008051be8        0x0 contiki-native.a(nullsec.o)
 .bss           0x0000000008051be8        0x0 contiki-native.a(clock.o)
 .bss           0x0000000008051be8        0x0 contiki-native.a(rtimer-arch.o)
 .bss           0x0000000008051be8        0x0 contiki-native.a(nullradio.o)
 .bss           0x0000000008051be8        0x0 contiki-native.a(memb.o)
 .bss           0x0000000008051be8        0xc contiki-native.a(announcement.o)
 *fill*         0x0000000008051bf4        0xc 
 .bss           0x0000000008051c00       0x6c contiki-native.a(broadcast-annou)
 .bss           0x0000000008051c6c        0x0 contiki-native.a(broadcast.o)
 .bss           0x0000000008051c6c        0x0 contiki-native.a(chameleon.o)
 .bss           0x0000000008051c6c        0x0 contiki-native.a(framer-nullmac.)
 .bss           0x0000000008051c6c        0x0 contiki-native.a(mac.o)
 .bss           0x0000000008051c6c        0x0 contiki-native.a(chameleon-bitop)
 .bss           0x0000000008051c6c        0x0 contiki-native.a(framer.o)
 .bss           0x0000000008051c6c        0x0 /usr/lib/i386-linux-gnu/libc_nonshared.a(elf-init.oS)
 .bss           0x0000000008051c6c        0x0 /usr/lib/gcc/i686-linux-gnu/4.8/crtend.o
 .bss           0x0000000008051c6c        0x0 /usr/lib/gcc/i686-linux-gnu/4.8/../../../i386-linux-gnu/crtn.o
 *(COMMON)
 COMMON         0x0000000008051c6c        0x8 contiki-native.a(contiki-main.o)
                0x0000000008051c6c                contiki_argv
                0x0000000008051c70                sensors_flags
 COMMON         0x0000000008051c74        0x1 contiki-native.a(sensors.o)
                0x0000000008051c74                sensors_event
 COMMON         0x0000000008051c75        0x1 contiki-native.a(serial-line.o)
                0x0000000008051c75                serial_line_event_message
 COMMON         0x0000000008051c76        0x2 contiki-native.a(linkaddr.o)
                0x0000000008051c76                linkaddr_node_addr
 *fill*         0x0000000008051c78        0x8 
 COMMON         0x0000000008051c80       0x3c contiki-native.a(packetbuf.o)
                0x0000000008051c80                packetbuf_attrs
                0x0000000008051cb4                packetbuf_addrs
                0x0000000008051cbc                . = ALIGN ((. != 0x0)?0x4:0x1)
                0x0000000008051cbc                . = ALIGN (0x4)
                0x0000000008051cbc                . = SEGMENT_START ("ldata-segment", .)
                0x0000000008051cbc                . = ALIGN (0x4)
                0x0000000008051cbc                _end = .
                0x0000000008051cbc                PROVIDE (end, .)
                0x0000000008051cbc                . = DATA_SEGMENT_END (.)

.stab
 *(.stab)

.stabstr
 *(.stabstr)

.stab.excl
 *(.stab.excl)

.stab.exclstr
 *(.stab.exclstr)

.stab.index
 *(.stab.index)

.stab.indexstr
 *(.stab.indexstr)

.comment        0x0000000000000000       0x54
 *(.comment)
 .comment       0x0000000000000000       0x29 /usr/lib/gcc/i686-linux-gnu/4.8/crtbegin.o
                                         0x2a (size before relaxing)
 .comment       0x0000000000000000       0x2a example-abc.co
 .comment       0x0000000000000000       0x2a contiki-native.a(contiki-main.o)
 .comment       0x0000000000000000       0x2a contiki-native.a(button-sensor.o)
 .comment       0x0000000000000000       0x2a contiki-native.a(pir-sensor.o)
 .comment       0x0000000000000000       0x2a contiki-native.a(vib-sensor.o)
 .comment       0x0000000000000000       0x2a contiki-native.a(sensors.o)
 .comment       0x0000000000000000       0x2a contiki-native.a(autostart.o)
 .comment       0x0000000000000000       0x2a contiki-native.a(ctimer.o)
 .comment       0x0000000000000000       0x2a contiki-native.a(etimer.o)
 .comment       0x0000000000000000       0x2a contiki-native.a(process.o)
 .comment       0x0000000000000000       0x2a contiki-native.a(rtimer.o)
 .comment       0x0000000000000000       0x2a contiki-native.a(timer.o)
 .comment       0x0000000000000000       0x2a contiki-native.a(serial-line.o)
 .comment       0x0000000000000000       0x2a contiki-native.a(list.o)
 .comment       0x0000000000000000       0x2a contiki-native.a(random.o)
 .comment       0x0000000000000000       0x2a contiki-native.a(ringbuf.o)
 .comment       0x0000000000000000       0x2a contiki-native.a(abc.o)
 .comment       0x0000000000000000       0x2a contiki-native.a(channel.o)
 .comment       0x0000000000000000       0x2a contiki-native.a(rime.o)
 .comment       0x0000000000000000       0x2a contiki-native.a(linkaddr.o)
 .comment       0x0000000000000000       0x2a contiki-native.a(netstack.o)
 .comment       0x0000000000000000       0x2a contiki-native.a(packetbuf.o)
 .comment       0x0000000000000000       0x2a contiki-native.a(queuebuf.o)
 .comment       0x0000000000000000       0x2a contiki-native.a(nullmac.o)
 .comment       0x0000000000000000       0x2a contiki-native.a(nullrdc.o)
 .comment       0x0000000000000000       0x2a contiki-native.a(nullsec.o)
 .comment       0x0000000000000000       0x2a contiki-native.a(clock.o)
 .comment       0x0000000000000000       0x2a contiki-native.a(rtimer-arch.o)
 .comment       0x0000000000000000       0x2a contiki-native.a(nullradio.o)
 .comment       0x0000000000000000       0x2a contiki-native.a(memb.o)
 .comment       0x0000000000000000       0x2a contiki-native.a(announcement.o)
 .comment       0x0000000000000000       0x2a contiki-native.a(broadcast-annou)
 .comment       0x0000000000000000       0x2a contiki-native.a(broadcast.o)
 .comment       0x0000000000000000       0x2a contiki-native.a(chameleon.o)
 .comment       0x0000000000000000       0x2a contiki-native.a(framer-nullmac.)
 .comment       0x0000000000000000       0x2a contiki-native.a(mac.o)
 .comment       0x0000000000000000       0x2a contiki-native.a(chameleon-bitop)
 .comment       0x0000000000000000       0x2a contiki-native.a(framer.o)
 .comment       0x0000000000000029       0x2b /usr/lib/i386-linux-gnu/libc_nonshared.a(elf-init.oS)
                                         0x2c (size before relaxing)
 .comment       0x0000000000000000       0x2a /usr/lib/gcc/i686-linux-gnu/4.8/crtend.o

.debug
 *(.debug)

.line
 *(.line)

.debug_srcinfo
 *(.debug_srcinfo)

.debug_sfnames
 *(.debug_sfnames)

.debug_aranges  0x0000000000000000      0x4c0
 *(.debug_aranges)
 .debug_aranges
                0x0000000000000000       0x20 example-abc.co
 .debug_aranges
                0x0000000000000020       0x20 contiki-native.a(contiki-main.o)
 .debug_aranges
                0x0000000000000040       0x20 contiki-native.a(button-sensor.o)
 .debug_aranges
                0x0000000000000060       0x20 contiki-native.a(pir-sensor.o)
 .debug_aranges
                0x0000000000000080       0x20 contiki-native.a(vib-sensor.o)
 .debug_aranges
                0x00000000000000a0       0x20 contiki-native.a(sensors.o)
 .debug_aranges
                0x00000000000000c0       0x20 contiki-native.a(autostart.o)
 .debug_aranges
                0x00000000000000e0       0x20 contiki-native.a(ctimer.o)
 .debug_aranges
                0x0000000000000100       0x20 contiki-native.a(etimer.o)
 .debug_aranges
                0x0000000000000120       0x20 contiki-native.a(process.o)
 .debug_aranges
                0x0000000000000140       0x20 contiki-native.a(rtimer.o)
 .debug_aranges
                0x0000000000000160       0x20 contiki-native.a(timer.o)
 .debug_aranges
                0x0000000000000180       0x20 contiki-native.a(serial-line.o)
 .debug_aranges
                0x00000000000001a0       0x20 contiki-native.a(list.o)
 .debug_aranges
                0x00000000000001c0       0x20 contiki-native.a(random.o)
 .debug_aranges
                0x00000000000001e0       0x20 contiki-native.a(ringbuf.o)
 .debug_aranges
                0x0000000000000200       0x20 contiki-native.a(abc.o)
 .debug_aranges
                0x0000000000000220       0x20 contiki-native.a(channel.o)
 .debug_aranges
                0x0000000000000240       0x20 contiki-native.a(rime.o)
 .debug_aranges
                0x0000000000000260       0x20 contiki-native.a(linkaddr.o)
 .debug_aranges
                0x0000000000000280       0x20 contiki-native.a(netstack.o)
 .debug_aranges
                0x00000000000002a0       0x20 contiki-native.a(packetbuf.o)
 .debug_aranges
                0x00000000000002c0       0x20 contiki-native.a(queuebuf.o)
 .debug_aranges
                0x00000000000002e0       0x20 contiki-native.a(nullmac.o)
 .debug_aranges
                0x0000000000000300       0x20 contiki-native.a(nullrdc.o)
 .debug_aranges
                0x0000000000000320       0x20 contiki-native.a(nullsec.o)
 .debug_aranges
                0x0000000000000340       0x20 contiki-native.a(clock.o)
 .debug_aranges
                0x0000000000000360       0x20 contiki-native.a(rtimer-arch.o)
 .debug_aranges
                0x0000000000000380       0x20 contiki-native.a(nullradio.o)
 .debug_aranges
                0x00000000000003a0       0x20 contiki-native.a(memb.o)
 .debug_aranges
                0x00000000000003c0       0x20 contiki-native.a(announcement.o)
 .debug_aranges
                0x00000000000003e0       0x20 contiki-native.a(broadcast-annou)
 .debug_aranges
                0x0000000000000400       0x20 contiki-native.a(broadcast.o)
 .debug_aranges
                0x0000000000000420       0x20 contiki-native.a(chameleon.o)
 .debug_aranges
                0x0000000000000440       0x20 contiki-native.a(framer-nullmac.)
 .debug_aranges
                0x0000000000000460       0x20 contiki-native.a(mac.o)
 .debug_aranges
                0x0000000000000480       0x20 contiki-native.a(chameleon-bitop)
 .debug_aranges
                0x00000000000004a0       0x20 contiki-native.a(framer.o)

.debug_pubnames
 *(.debug_pubnames)

.debug_info     0x0000000000000000     0xb6d1
 *(.debug_info .gnu.linkonce.wi.*)
 .debug_info    0x0000000000000000      0xa4b example-abc.co
 .debug_info    0x0000000000000a4b     0x100f contiki-native.a(contiki-main.o)
 .debug_info    0x0000000000001a5a      0x1c9 contiki-native.a(button-sensor.o)
 .debug_info    0x0000000000001c23      0x1e6 contiki-native.a(pir-sensor.o)
 .debug_info    0x0000000000001e09      0x1d8 contiki-native.a(vib-sensor.o)
 .debug_info    0x0000000000001fe1      0x47f contiki-native.a(sensors.o)
 .debug_info    0x0000000000002460      0x1f0 contiki-native.a(autostart.o)
 .debug_info    0x0000000000002650      0x67b contiki-native.a(ctimer.o)
 .debug_info    0x0000000000002ccb      0x5fe contiki-native.a(etimer.o)
 .debug_info    0x00000000000032c9      0x846 contiki-native.a(process.o)
 .debug_info    0x0000000000003b0f      0x1e8 contiki-native.a(rtimer.o)
 .debug_info    0x0000000000003cf7      0x1ae contiki-native.a(timer.o)
 .debug_info    0x0000000000003ea5      0x479 contiki-native.a(serial-line.o)
 .debug_info    0x000000000000431e      0x354 contiki-native.a(list.o)
 .debug_info    0x0000000000004672       0xf6 contiki-native.a(random.o)
 .debug_info    0x0000000000004768      0x1ba contiki-native.a(ringbuf.o)
 .debug_info    0x0000000000004922      0x44e contiki-native.a(abc.o)
 .debug_info    0x0000000000004d70      0x32e contiki-native.a(channel.o)
 .debug_info    0x000000000000509e      0x637 contiki-native.a(rime.o)
 .debug_info    0x00000000000056d5      0x23e contiki-native.a(linkaddr.o)
 .debug_info    0x0000000000005913      0x468 contiki-native.a(netstack.o)
 .debug_info    0x0000000000005d7b      0x923 contiki-native.a(packetbuf.o)
 .debug_info    0x000000000000669e      0x883 contiki-native.a(queuebuf.o)
 .debug_info    0x0000000000006f21      0x39f contiki-native.a(nullmac.o)
 .debug_info    0x00000000000072c0      0x8cb contiki-native.a(nullrdc.o)
 .debug_info    0x0000000000007b8b      0x3fa contiki-native.a(nullsec.o)
 .debug_info    0x0000000000007f85      0x1a9 contiki-native.a(clock.o)
 .debug_info    0x000000000000812e      0x272 contiki-native.a(rtimer-arch.o)
 .debug_info    0x00000000000083a0      0x49e contiki-native.a(nullradio.o)
 .debug_info    0x000000000000883e      0x2ae contiki-native.a(memb.o)
 .debug_info    0x0000000000008aec      0x534 contiki-native.a(announcement.o)
 .debug_info    0x0000000000009020      0xa4d contiki-native.a(broadcast-annou)
 .debug_info    0x0000000000009a6d      0x5df contiki-native.a(broadcast.o)
 .debug_info    0x000000000000a04c      0x589 contiki-native.a(chameleon.o)
 .debug_info    0x000000000000a5d5      0x3c6 contiki-native.a(framer-nullmac.)
 .debug_info    0x000000000000a99b      0x13b contiki-native.a(mac.o)
 .debug_info    0x000000000000aad6      0xa0e contiki-native.a(chameleon-bitop)
 .debug_info    0x000000000000b4e4      0x1ed contiki-native.a(framer.o)

.debug_abbrev   0x0000000000000000     0x44dc
 *(.debug_abbrev)
 .debug_abbrev  0x0000000000000000      0x2d2 example-abc.co
 .debug_abbrev  0x00000000000002d2      0x431 contiki-native.a(contiki-main.o)
 .debug_abbrev  0x0000000000000703       0xe8 contiki-native.a(button-sensor.o)
 .debug_abbrev  0x00000000000007eb      0x106 contiki-native.a(pir-sensor.o)
 .debug_abbrev  0x00000000000008f1      0x106 contiki-native.a(vib-sensor.o)
 .debug_abbrev  0x00000000000009f7      0x2be contiki-native.a(sensors.o)
 .debug_abbrev  0x0000000000000cb5      0x129 contiki-native.a(autostart.o)
 .debug_abbrev  0x0000000000000dde      0x215 contiki-native.a(ctimer.o)
 .debug_abbrev  0x0000000000000ff3      0x2da contiki-native.a(etimer.o)
 .debug_abbrev  0x00000000000012cd      0x336 contiki-native.a(process.o)
 .debug_abbrev  0x0000000000001603      0x162 contiki-native.a(rtimer.o)
 .debug_abbrev  0x0000000000001765       0xdf contiki-native.a(timer.o)
 .debug_abbrev  0x0000000000001844      0x25e contiki-native.a(serial-line.o)
 .debug_abbrev  0x0000000000001aa2      0x18b contiki-native.a(list.o)
 .debug_abbrev  0x0000000000001c2d       0xbe contiki-native.a(random.o)
 .debug_abbrev  0x0000000000001ceb       0xea contiki-native.a(ringbuf.o)
 .debug_abbrev  0x0000000000001dd5      0x19e contiki-native.a(abc.o)
 .debug_abbrev  0x0000000000001f73      0x17c contiki-native.a(channel.o)
 .debug_abbrev  0x00000000000020ef      0x231 contiki-native.a(rime.o)
 .debug_abbrev  0x0000000000002320      0x15a contiki-native.a(linkaddr.o)
 .debug_abbrev  0x000000000000247a      0x102 contiki-native.a(netstack.o)
 .debug_abbrev  0x000000000000257c      0x309 contiki-native.a(packetbuf.o)
 .debug_abbrev  0x0000000000002885      0x26b contiki-native.a(queuebuf.o)
 .debug_abbrev  0x0000000000002af0      0x192 contiki-native.a(nullmac.o)
 .debug_abbrev  0x0000000000002c82      0x318 contiki-native.a(nullrdc.o)
 .debug_abbrev  0x0000000000002f9a      0x19e contiki-native.a(nullsec.o)
 .debug_abbrev  0x0000000000003138       0xe5 contiki-native.a(clock.o)
 .debug_abbrev  0x000000000000321d      0x154 contiki-native.a(rtimer-arch.o)
 .debug_abbrev  0x0000000000003371      0x174 contiki-native.a(nullradio.o)
 .debug_abbrev  0x00000000000034e5      0x16b contiki-native.a(memb.o)
 .debug_abbrev  0x0000000000003650      0x1cc contiki-native.a(announcement.o)
 .debug_abbrev  0x000000000000381c      0x2b5 contiki-native.a(broadcast-annou)
 .debug_abbrev  0x0000000000003ad1      0x1f6 contiki-native.a(broadcast.o)
 .debug_abbrev  0x0000000000003cc7      0x1e0 contiki-native.a(chameleon.o)
 .debug_abbrev  0x0000000000003ea7      0x19e contiki-native.a(framer-nullmac.)
 .debug_abbrev  0x0000000000004045       0xbb contiki-native.a(mac.o)
 .debug_abbrev  0x0000000000004100      0x2f8 contiki-native.a(chameleon-bitop)
 .debug_abbrev  0x00000000000043f8       0xe4 contiki-native.a(framer.o)

.debug_line     0x0000000000000000     0x2af5
 *(.debug_line .debug_line.* .debug_line_end)
 .debug_line    0x0000000000000000      0x215 example-abc.co
 .debug_line    0x0000000000000215      0x3c0 contiki-native.a(contiki-main.o)
 .debug_line    0x00000000000005d5       0x81 contiki-native.a(button-sensor.o)
 .debug_line    0x0000000000000656       0x7f contiki-native.a(pir-sensor.o)
 .debug_line    0x00000000000006d5       0x7f contiki-native.a(vib-sensor.o)
 .debug_line    0x0000000000000754      0x14e contiki-native.a(sensors.o)
 .debug_line    0x00000000000008a2       0x99 contiki-native.a(autostart.o)
 .debug_line    0x000000000000093b      0x13d contiki-native.a(ctimer.o)
 .debug_line    0x0000000000000a78      0x157 contiki-native.a(etimer.o)
 .debug_line    0x0000000000000bcf      0x1c1 contiki-native.a(process.o)
 .debug_line    0x0000000000000d90       0x77 contiki-native.a(rtimer.o)
 .debug_line    0x0000000000000e07       0xaf contiki-native.a(timer.o)
 .debug_line    0x0000000000000eb6       0xf9 contiki-native.a(serial-line.o)
 .debug_line    0x0000000000000faf       0xe8 contiki-native.a(list.o)
 .debug_line    0x0000000000001097       0x65 contiki-native.a(random.o)
 .debug_line    0x00000000000010fc       0x9d contiki-native.a(ringbuf.o)
 .debug_line    0x0000000000001199       0xcd contiki-native.a(abc.o)
 .debug_line    0x0000000000001266       0xee contiki-native.a(channel.o)
 .debug_line    0x0000000000001354      0x1ce contiki-native.a(rime.o)
 .debug_line    0x0000000000001522      0x101 contiki-native.a(linkaddr.o)
 .debug_line    0x0000000000001623       0xe4 contiki-native.a(netstack.o)
 .debug_line    0x0000000000001707      0x1e9 contiki-native.a(packetbuf.o)
 .debug_line    0x00000000000018f0      0x105 contiki-native.a(queuebuf.o)
 .debug_line    0x00000000000019f5       0xdc contiki-native.a(nullmac.o)
 .debug_line    0x0000000000001ad1      0x184 contiki-native.a(nullrdc.o)
 .debug_line    0x0000000000001c55       0xe8 contiki-native.a(nullsec.o)
 .debug_line    0x0000000000001d3d       0xcb contiki-native.a(clock.o)
 .debug_line    0x0000000000001e08      0x12d contiki-native.a(rtimer-arch.o)
 .debug_line    0x0000000000001f35       0xb7 contiki-native.a(nullradio.o)
 .debug_line    0x0000000000001fec      0x116 contiki-native.a(memb.o)
 .debug_line    0x0000000000002102      0x108 contiki-native.a(announcement.o)
 .debug_line    0x000000000000220a      0x265 contiki-native.a(broadcast-annou)
 .debug_line    0x000000000000246f       0xee contiki-native.a(broadcast.o)
 .debug_line    0x000000000000255d      0x144 contiki-native.a(chameleon.o)
 .debug_line    0x00000000000026a1       0xd3 contiki-native.a(framer-nullmac.)
 .debug_line    0x0000000000002774       0x6c contiki-native.a(mac.o)
 .debug_line    0x00000000000027e0      0x231 contiki-native.a(chameleon-bitop)
 .debug_line    0x0000000000002a11       0xe4 contiki-native.a(framer.o)

.debug_frame
 *(.debug_frame)

.debug_str      0x0000000000000000     0x2167
 *(.debug_str)
 .debug_str     0x0000000000000000      0x3ef example-abc.co
                                        0x4ba (size before relaxing)
 .debug_str     0x00000000000003ef      0x366 contiki-native.a(contiki-main.o)
                                        0x6fa (size before relaxing)
 .debug_str     0x0000000000000755       0x47 contiki-native.a(button-sensor.o)
                                        0x172 (size before relaxing)
 .debug_str     0x000000000000079c       0x4d contiki-native.a(pir-sensor.o)
                                        0x185 (size before relaxing)
 .debug_str     0x00000000000007e9       0x3a contiki-native.a(vib-sensor.o)
                                        0x172 (size before relaxing)
 .debug_str     0x0000000000000823       0xc8 contiki-native.a(sensors.o)
                                        0x294 (size before relaxing)
 .debug_str     0x00000000000008eb       0x37 contiki-native.a(autostart.o)
                                        0x19e (size before relaxing)
 .debug_str     0x0000000000000922      0x11c contiki-native.a(ctimer.o)
                                        0x2e5 (size before relaxing)
 .debug_str     0x0000000000000a3e       0xdd contiki-native.a(etimer.o)
                                        0x324 (size before relaxing)
 .debug_str     0x0000000000000b1b       0xf4 contiki-native.a(process.o)
                                        0x447 (size before relaxing)
 .debug_str     0x0000000000000c0f       0xdb contiki-native.a(rtimer.o)
                                        0x1eb (size before relaxing)
 .debug_str     0x0000000000000cea       0x32 contiki-native.a(timer.o)
                                        0x17d (size before relaxing)
 .debug_str     0x0000000000000d1c       0xb1 contiki-native.a(serial-line.o)
                                        0x2a3 (size before relaxing)
 .debug_str     0x0000000000000dcd       0x7f contiki-native.a(list.o)
                                        0x123 (size before relaxing)
 .debug_str     0x0000000000000e4c       0x2f contiki-native.a(random.o)
                                        0x132 (size before relaxing)
 .debug_str     0x0000000000000e7b       0x37 contiki-native.a(ringbuf.o)
                                        0x185 (size before relaxing)
 .debug_str     0x0000000000000eb2      0x37e contiki-native.a(abc.o)
                                        0x51a (size before relaxing)
 .debug_str     0x0000000000001230       0x6b contiki-native.a(channel.o)
                                        0x21f (size before relaxing)
 .debug_str     0x000000000000129b      0x1a2 contiki-native.a(rime.o)
                                        0x3be (size before relaxing)
 .debug_str     0x000000000000143d       0x76 contiki-native.a(linkaddr.o)
                                        0x1ac (size before relaxing)
 .debug_str     0x00000000000014b3      0x10e contiki-native.a(netstack.o)
                                        0x2e0 (size before relaxing)
 .debug_str     0x00000000000015c1      0x1ed contiki-native.a(packetbuf.o)
                                        0x6d7 (size before relaxing)
 .debug_str     0x00000000000017ae      0x1c9 contiki-native.a(queuebuf.o)
                                        0x6a6 (size before relaxing)
 .debug_str     0x0000000000001977       0x44 contiki-native.a(nullmac.o)
                                        0x233 (size before relaxing)
 .debug_str     0x00000000000019bb       0xac contiki-native.a(nullrdc.o)
                                        0x7b4 (size before relaxing)
 .debug_str     0x0000000000001a67       0x2f contiki-native.a(nullsec.o)
                                        0x533 (size before relaxing)
 .debug_str     0x0000000000001a96       0x6a contiki-native.a(clock.o)
                                        0x1a2 (size before relaxing)
 .debug_str     0x0000000000001b00       0xb1 contiki-native.a(rtimer-arch.o)
                                        0x22e (size before relaxing)
 .debug_str     0x0000000000001bb1       0x55 contiki-native.a(nullradio.o)
                                        0x24a (size before relaxing)
 .debug_str     0x0000000000001c06       0x24 contiki-native.a(memb.o)
                                        0x17e (size before relaxing)
 .debug_str     0x0000000000001c2a      0x19f contiki-native.a(announcement.o)
                                        0x34b (size before relaxing)
 .debug_str     0x0000000000001dc9      0x1bc contiki-native.a(broadcast-annou)
                                        0x540 (size before relaxing)
 .debug_str     0x0000000000001f85       0x41 contiki-native.a(broadcast.o)
                                        0x5a6 (size before relaxing)
 .debug_str     0x0000000000001fc6       0x42 contiki-native.a(chameleon.o)
                                        0x69f (size before relaxing)
 .debug_str     0x0000000000002008       0x3b contiki-native.a(framer-nullmac.)
                                        0x52e (size before relaxing)
 .debug_str     0x0000000000002043       0x19 contiki-native.a(mac.o)
                                        0x198 (size before relaxing)
 .debug_str     0x000000000000205c       0xc4 contiki-native.a(chameleon-bitop)
                                        0x642 (size before relaxing)
 .debug_str     0x0000000000002120       0x47 contiki-native.a(framer.o)
                                        0x20a (size before relaxing)

.debug_loc      0x0000000000000000     0x1a36
 *(.debug_loc)
 .debug_loc     0x0000000000000000      0x17e example-abc.co
 .debug_loc     0x000000000000017e      0x200 contiki-native.a(contiki-main.o)
 .debug_loc     0x000000000000037e      0x181 contiki-native.a(sensors.o)
 .debug_loc     0x00000000000004ff       0x28 contiki-native.a(autostart.o)
 .debug_loc     0x0000000000000527       0xec contiki-native.a(ctimer.o)
 .debug_loc     0x0000000000000613      0x11f contiki-native.a(etimer.o)
 .debug_loc     0x0000000000000732      0x20f contiki-native.a(process.o)
 .debug_loc     0x0000000000000941       0x39 contiki-native.a(rtimer.o)
 .debug_loc     0x000000000000097a       0x26 contiki-native.a(timer.o)
 .debug_loc     0x00000000000009a0       0x6e contiki-native.a(serial-line.o)
 .debug_loc     0x0000000000000a0e      0x1e7 contiki-native.a(list.o)
 .debug_loc     0x0000000000000bf5       0x3e contiki-native.a(ringbuf.o)
 .debug_loc     0x0000000000000c33       0x3e contiki-native.a(abc.o)
 .debug_loc     0x0000000000000c71       0x3c contiki-native.a(channel.o)
 .debug_loc     0x0000000000000cad       0x86 contiki-native.a(rime.o)
 .debug_loc     0x0000000000000d33      0x1d1 contiki-native.a(packetbuf.o)
 .debug_loc     0x0000000000000f04       0x69 contiki-native.a(queuebuf.o)
 .debug_loc     0x0000000000000f6d       0xf5 contiki-native.a(nullrdc.o)
 .debug_loc     0x0000000000001062       0x13 contiki-native.a(rtimer-arch.o)
 .debug_loc     0x0000000000001075      0x265 contiki-native.a(memb.o)
 .debug_loc     0x00000000000012da       0x3c contiki-native.a(announcement.o)
 .debug_loc     0x0000000000001316      0x14a contiki-native.a(broadcast-annou)
 .debug_loc     0x0000000000001460       0x3e contiki-native.a(broadcast.o)
 .debug_loc     0x000000000000149e       0x53 contiki-native.a(chameleon.o)
 .debug_loc     0x00000000000014f1       0x3c contiki-native.a(framer-nullmac.)
 .debug_loc     0x000000000000152d      0x4eb contiki-native.a(chameleon-bitop)
 .debug_loc     0x0000000000001a18       0x1e contiki-native.a(framer.o)

.debug_macinfo
 *(.debug_macinfo)

.debug_weaknames
 *(.debug_weaknames)

.debug_funcnames
 *(.debug_funcnames)

.debug_typenames
 *(.debug_typenames)

.debug_varnames
 *(.debug_varnames)

.debug_pubtypes
 *(.debug_pubtypes)

.debug_ranges   0x0000000000000000       0x48
 *(.debug_ranges)
 .debug_ranges  0x0000000000000000       0x18 contiki-native.a(contiki-main.o)
 .debug_ranges  0x0000000000000018       0x18 contiki-native.a(nullrdc.o)
 .debug_ranges  0x0000000000000030       0x18 contiki-native.a(chameleon-bitop)

.debug_macro
 *(.debug_macro)

.gnu.attributes
 *(.gnu.attributes)

/DISCARD/
 *(.note.GNU-stack)
 *(.gnu_debuglink)
 *(.gnu.lto_*)
OUTPUT(example-abc.native elf32-i386)
